2026-02-18 18:09:54,535 [INFO] __main__: 初始化爬虫实例...
2026-02-18 18:09:54,536 [INFO] db_storage: 数据库管理器初始化完成
2026-02-18 18:09:54,536 [INFO] main: ============================================================
2026-02-18 18:09:54,536 [INFO] main: 研时爬虫系统启动
2026-02-18 18:09:54,537 [INFO] main: ============================================================
2026-02-18 18:09:54,537 [INFO] main: 测试数据库连接...
2026-02-18 18:09:54,542 [INFO] db_storage: 数据库连接测试成功
2026-02-18 18:09:54,542 [INFO] main: ✓ 数据库连接正常
2026-02-18 18:09:54,543 [INFO] main: 初始化爬虫实例...
2026-02-18 18:09:54,543 [INFO] spiders: 初始化爬虫: 新华网-首页
2026-02-18 18:09:54,543 [INFO] main: ✓ 初始化爬虫: 新华网-首页
2026-02-18 18:09:54,543 [INFO] spiders: 初始化爬虫: 新华网-会议活动
2026-02-18 18:09:54,543 [INFO] main: ✓ 初始化爬虫: 新华网-会议活动
2026-02-18 18:09:54,543 [INFO] spiders: 初始化爬虫: 新华网-视评
2026-02-18 18:09:54,544 [INFO] main: ✓ 初始化爬虫: 新华网-视评
2026-02-18 18:09:54,544 [INFO] spiders: 初始化爬虫: 人民网评
2026-02-18 18:09:54,544 [INFO] main: ✓ 初始化爬虫: 人民网评
2026-02-18 18:09:54,545 [INFO] __main__: 成功初始化 4 个爬虫
2026-02-18 18:09:54,546 [INFO] __main__: 立即执行模式: 手动触发爬取任务
2026-02-18 18:09:54,546 [INFO] __main__: ================================================================================
2026-02-18 18:09:54,546 [INFO] __main__: 定时爬取任务开始: 2026-02-18 18:09:54
2026-02-18 18:09:54,546 [INFO] __main__: ================================================================================
2026-02-18 18:09:54,546 [INFO] main: 开始爬取所有数据源...
2026-02-18 18:09:54,546 [INFO] main: ------------------------------------------------------------
2026-02-18 18:09:54,546 [INFO] main: 
[新华网-首页] 开始爬取...
2026-02-18 18:09:54,546 [INFO] spiders: 开始爬取: 新华网-首页
2026-02-18 18:09:54,546 [DEBUG] spiders: 请求URL: http://www.news.cn/politics/leaders/index.htm (尝试 1/3)
2026-02-18 18:09:54,548 [DEBUG] urllib3.connectionpool: Starting new HTTP connection (1): www.news.cn:80
2026-02-18 18:09:54,727 [DEBUG] urllib3.connectionpool: http://www.news.cn:80 "GET /politics/leaders/index.htm HTTP/1.1" 200 4779
2026-02-18 18:09:54,731 [INFO] spiders: 成功获取: http://www.news.cn/politics/leaders/index.htm (状态码: 200)
2026-02-18 18:09:54,737 [INFO] spiders: 新华网-首页 解析到 0 篇文章
2026-02-18 18:09:56,739 [INFO] main:   未获取到文章
2026-02-18 18:09:56,739 [INFO] main: 
[新华网-会议活动] 开始爬取...
2026-02-18 18:09:56,739 [INFO] spiders: 开始爬取: 新华网-会议活动
2026-02-18 18:09:56,740 [DEBUG] spiders: 请求URL: http://www.news.cn/politics/leaders/cpc20/hyhd.htm (尝试 1/3)
2026-02-18 18:09:56,740 [DEBUG] urllib3.connectionpool: Starting new HTTP connection (1): www.news.cn:80
2026-02-18 18:09:56,853 [DEBUG] urllib3.connectionpool: http://www.news.cn:80 "GET /politics/leaders/cpc20/hyhd.htm HTTP/1.1" 404 1818
2026-02-18 18:09:56,853 [ERROR] spiders: 请求失败: http://www.news.cn/politics/leaders/cpc20/hyhd.htm - 404 Client Error: Not Found for url: http://www.news.cn/politics/leaders/cpc20/hyhd.htm
2026-02-18 18:09:58,854 [DEBUG] spiders: 请求URL: http://www.news.cn/politics/leaders/cpc20/hyhd.htm (尝试 2/3)
2026-02-18 18:09:58,919 [DEBUG] urllib3.connectionpool: http://www.news.cn:80 "GET /politics/leaders/cpc20/hyhd.htm HTTP/1.1" 404 1818
2026-02-18 18:09:58,919 [ERROR] spiders: 请求失败: http://www.news.cn/politics/leaders/cpc20/hyhd.htm - 404 Client Error: Not Found for url: http://www.news.cn/politics/leaders/cpc20/hyhd.htm
2026-02-18 18:10:00,921 [DEBUG] spiders: 请求URL: http://www.news.cn/politics/leaders/cpc20/hyhd.htm (尝试 3/3)
2026-02-18 18:10:00,936 [DEBUG] urllib3.connectionpool: http://www.news.cn:80 "GET /politics/leaders/cpc20/hyhd.htm HTTP/1.1" 404 1818
2026-02-18 18:10:00,936 [ERROR] spiders: 请求失败: http://www.news.cn/politics/leaders/cpc20/hyhd.htm - 404 Client Error: Not Found for url: http://www.news.cn/politics/leaders/cpc20/hyhd.htm
2026-02-18 18:10:00,936 [ERROR] spiders: 获取 新华网-会议活动 列表失败
2026-02-18 18:10:00,936 [INFO] main:   未获取到文章
2026-02-18 18:10:00,937 [INFO] main: 
[新华网-视评] 开始爬取...
2026-02-18 18:10:00,937 [INFO] spiders: 开始爬取: 新华网-视评
2026-02-18 18:10:00,937 [DEBUG] spiders: 请求URL: https://www.news.cn/comments/zt/xhwsp/index.html (尝试 1/3)
2026-02-18 18:10:00,938 [DEBUG] urllib3.connectionpool: Starting new HTTPS connection (1): www.news.cn:443
2026-02-18 18:10:01,337 [DEBUG] urllib3.connectionpool: https://www.news.cn:443 "GET /comments/zt/xhwsp/index.html HTTP/1.1" 200 64259
2026-02-18 18:10:01,351 [INFO] spiders: 成功获取: https://www.news.cn/comments/zt/xhwsp/index.html (状态码: 200)
2026-02-18 18:10:01,392 [INFO] spiders: 新华网-视评 解析到 194 篇文章
2026-02-18 18:10:03,443 [DEBUG] db_storage: 保存文章成功: 新华网视评丨这样的暖心服务，可以更多些 (ID: 305)
2026-02-18 18:10:03,462 [DEBUG] db_storage: 保存文章成功: 新华网视评丨这个“网红”记大功，追授优秀共产党员称号 (ID: 306)
2026-02-18 18:10:03,491 [DEBUG] db_storage: 保存文章成功: 新华网视评丨厘清家校权责边界 (ID: 307)
2026-02-18 18:10:03,505 [DEBUG] db_storage: 保存文章成功: 新华网视评丨家长当好家长 老师做好老师 (ID: 308)
2026-02-18 18:10:03,521 [DEBUG] db_storage: 保存文章成功: 新华网视评丨春运出行，这些谣言必须当心 (ID: 309)
2026-02-18 18:10:03,536 [DEBUG] db_storage: 保存文章成功: 新华网视评丨致敬这些平凡而伟大的守护 (ID: 310)
2026-02-18 18:10:03,553 [DEBUG] db_storage: 保存文章成功: 新华网视评丨这三起典型案例，都暴露出同一个问题 (ID: 311)
2026-02-18 18:10:03,555 [DEBUG] db_storage: 保存文章成功: 新华网视评丨一个行业协会，真的需要这么多副会长吗？ (ID: 312)
2026-02-18 18:10:03,558 [DEBUG] db_storage: 保存文章成功: 新华网视评丨平台越大，越要守规矩有担当 (ID: 313)
2026-02-18 18:10:03,559 [DEBUG] db_storage: 保存文章成功: 新华网视评丨司法公开不能“匿名”，责任担当不可“隐身” (ID: 314)
2026-02-18 18:10:03,561 [DEBUG] db_storage: 保存文章成功: 新华网视评丨敬畏自然，敬畏生命 (ID: 315)
2026-02-18 18:10:03,583 [DEBUG] db_storage: 保存文章成功: 新华网视评丨“宝华月季”，因何而美？ (ID: 316)
2026-02-18 18:10:03,585 [DEBUG] db_storage: 保存文章成功: 新华网视评｜易燃易爆的氢气球，并非浪漫的选择 (ID: 317)
2026-02-18 18:10:03,613 [DEBUG] db_storage: 保存文章成功: 新华网视评｜电动自行车上楼入户，除了“防”还得“疏” (ID: 567)
2026-02-18 18:10:03,629 [DEBUG] db_storage: 保存文章成功: 新华网视评｜警惕这些年底诈骗新招 (ID: 319)
2026-02-18 18:10:03,646 [DEBUG] db_storage: 保存文章成功: 新华网视评｜给幼儿园乱收费戴上“紧箍咒” (ID: 320)
2026-02-18 18:10:03,660 [DEBUG] db_storage: 保存文章成功: 新华网视评｜别让“闹心事”透支航司口碑 (ID: 321)
2026-02-18 18:10:03,676 [DEBUG] db_storage: 保存文章成功: 新华网视评｜让食物发挥“余热”，点赞！ (ID: 322)
2026-02-18 18:10:03,692 [DEBUG] db_storage: 保存文章成功: 新华网视评｜儿童设施不能只注重美观 (ID: 323)
2026-02-18 18:10:03,708 [DEBUG] db_storage: 保存文章成功: 新华网视评｜城市更新，无障碍设施也要更新 (ID: 324)
2026-02-18 18:10:03,710 [DEBUG] db_storage: 保存文章成功: 新华网视评｜公共标识让大家看懂是前提 (ID: 325)
2026-02-18 18:10:03,712 [DEBUG] db_storage: 保存文章成功: 新华网视评｜善听消费者声音很有必要 (ID: 326)
2026-02-18 18:10:03,740 [DEBUG] db_storage: 保存文章成功: 新华网视评｜让低俗团播彻底“下线退场” (ID: 327)
2026-02-18 18:10:03,755 [DEBUG] db_storage: 保存文章成功: 新华网视评｜剜除“摆拍造谣”这颗网络毒瘤 (ID: 328)
2026-02-18 18:10:03,775 [DEBUG] db_storage: 保存文章成功: 新华网视评丨别让“随口一说”成为扎向企业的“软刀子” (ID: 329)
2026-02-18 18:10:03,803 [DEBUG] db_storage: 保存文章成功: 新华网视评丨警惕政策一上新谣言就上线 (ID: 330)
2026-02-18 18:10:03,818 [DEBUG] db_storage: 保存文章成功: 新华网视评丨“免费”谣言引哄抢，这样的闹剧当休矣 (ID: 331)
2026-02-18 18:10:03,823 [DEBUG] db_storage: 保存文章成功: 新华网视评｜滥用AI模特有可能触碰法律红线 (ID: 332)
2026-02-18 18:10:03,826 [DEBUG] db_storage: 保存文章成功: 新华网视评｜擅自替商家调价，是一种“霸权”行为 (ID: 333)
2026-02-18 18:10:03,828 [DEBUG] db_storage: 保存文章成功: 新华网视评｜“管不住”的套路，“够不着”的监管 (ID: 334)
2026-02-18 18:10:03,830 [DEBUG] db_storage: 保存文章成功: 新华网视评｜拿AI编造案例当诉讼依据，荒唐！ (ID: 335)
2026-02-18 18:10:03,833 [DEBUG] db_storage: 保存文章成功: 新华网视评｜公共服务怎能给商业广告“让路” (ID: 336)
2026-02-18 18:10:03,836 [DEBUG] db_storage: 保存文章成功: 新华网视评｜私域直播岂能变成“坑老”陷阱 (ID: 337)
2026-02-18 18:10:03,838 [DEBUG] db_storage: 保存文章成功: 新华网视评︱要有“卷尺哥”，更要有“听劝局” (ID: 338)
2026-02-18 18:10:03,840 [DEBUG] db_storage: 保存文章成功: 新华网视评｜主食浪费，触目惊心 (ID: 339)
2026-02-18 18:10:03,842 [DEBUG] db_storage: 保存文章成功: 新华网视评｜“仪式感”不是浪费的遮羞布 (ID: 340)
2026-02-18 18:10:03,843 [DEBUG] db_storage: 保存文章成功: 新华网视评｜别让外卖“满减”成“浪费” (ID: 341)
2026-02-18 18:10:03,845 [DEBUG] db_storage: 保存文章成功: 新华网视评｜坚决刹住“AI换装”亵渎军警形象这股歪风 (ID: 342)
2026-02-18 18:10:03,848 [DEBUG] db_storage: 保存文章成功: 新华网视评｜必须撕开“伪正能量”的遮羞布 (ID: 343)
2026-02-18 18:10:03,850 [DEBUG] db_storage: 保存文章成功: 新华网视评｜破解假日充电难需要新思维 (ID: 344)
2026-02-18 18:10:03,853 [DEBUG] db_storage: 保存文章成功: 新华网视评｜靠“智驾神器”，无异于“智障行为” (ID: 345)
2026-02-18 18:10:03,915 [DEBUG] db_storage: 保存文章成功: 新华网视评｜节假日不能是“宰客日” (ID: 346)
2026-02-18 18:10:03,941 [DEBUG] db_storage: 保存文章成功: 新华网视评｜“柴怼怼”们栽得不冤！ (ID: 347)
2026-02-18 18:10:03,944 [DEBUG] db_storage: 保存文章成功: 新华网视评｜警服不是流量道具 (ID: 348)
2026-02-18 18:10:03,946 [DEBUG] db_storage: 保存文章成功: 新华网视评｜AI岂能成为形式主义的“帮手” (ID: 349)
2026-02-18 18:10:03,974 [DEBUG] db_storage: 保存文章成功: 新华网视评｜别给骗子进入家长群大开方便之门 (ID: 350)
2026-02-18 18:10:03,987 [DEBUG] db_storage: 保存文章成功: 新华网视评｜任性冒险浪费公共资源，该罚！ (ID: 351)
2026-02-18 18:10:04,003 [DEBUG] db_storage: 保存文章成功: 新华网视评｜防范“育儿补贴”骗局，需要工作透明度 (ID: 352)
2026-02-18 18:10:04,018 [DEBUG] db_storage: 保存文章成功: 新华网视评｜认证竟靠“3C贴纸”，在糊弄谁？ (ID: 353)
2026-02-18 18:10:04,021 [DEBUG] db_storage: 保存文章成功: 新华网视评｜坚决打击汛情谣言 (ID: 354)
2026-02-18 18:10:04,022 [DEBUG] db_storage: 保存文章成功: 新华网视评｜“警情通报”也敢伪造？必须严惩 (ID: 355)
2026-02-18 18:10:04,024 [DEBUG] db_storage: 保存文章成功: 新华网视评｜期待外卖市场构建良性竞争格局 (ID: 356)
2026-02-18 18:10:04,049 [DEBUG] db_storage: 保存文章成功: 新华网视评｜收费“向上取整”涉嫌变相加价 (ID: 357)
2026-02-18 18:10:04,063 [DEBUG] db_storage: 保存文章成功: 新华网视评｜青春之美无需太多“修整” (ID: 358)
2026-02-18 18:10:04,080 [DEBUG] db_storage: 保存文章成功: 新华网视评｜恶意炮制“人猴大战”，用心险恶 (ID: 359)
2026-02-18 18:10:04,095 [DEBUG] db_storage: 保存文章成功: 新华网视评｜官方通报贵在及时 (ID: 360)
2026-02-18 18:10:04,111 [DEBUG] db_storage: 保存文章成功: 新华网视评｜坚决打击网络谣言 (ID: 361)
2026-02-18 18:10:04,127 [DEBUG] db_storage: 保存文章成功: 新华网视评｜警惕“吃谷”低龄化 (ID: 362)
2026-02-18 18:10:04,129 [DEBUG] db_storage: 保存文章成功: 新华网视评｜谁给伪专家开了“绿灯”？ (ID: 363)
2026-02-18 18:10:04,145 [DEBUG] db_storage: 保存文章成功: 新华网视评｜大学校园向公众开放咋就这么难？ (ID: 364)
2026-02-18 18:10:04,147 [DEBUG] db_storage: 保存文章成功: 新华网视评｜严肃的抗战历史岂容恶搞 (ID: 365)
2026-02-18 18:10:04,175 [DEBUG] db_storage: 保存文章成功: 新华网视评｜制止无底线吃播，平台责无旁贷 (ID: 366)
2026-02-18 18:10:04,190 [DEBUG] db_storage: 保存文章成功: 新华网视评｜检测报告岂能沦为三无产品的“遮羞布” (ID: 367)
2026-02-18 18:10:04,208 [DEBUG] db_storage: 保存文章成功: 新华网视评｜我们需要怎样的创新，新华网连发三评 (ID: 368)
2026-02-18 18:10:04,220 [DEBUG] db_storage: 保存文章成功: 新华网视评｜“谁红蹭谁”的闹剧该终结了！ (ID: 369)
2026-02-18 18:10:04,237 [DEBUG] db_storage: 保存文章成功: 新华网视评｜期待奇迹，也要校准预期 (ID: 370)
2026-02-18 18:10:04,251 [DEBUG] db_storage: 保存文章成功: 新华网视评｜赞美成功，还需宽容失败 (ID: 371)
2026-02-18 18:10:04,267 [DEBUG] db_storage: 保存文章成功: 新华网视评｜等待观望，不如放手快干 (ID: 372)
2026-02-18 18:10:04,283 [DEBUG] db_storage: 保存文章成功: 新华网视评｜杜绝“毒玩具”，这事得抓紧 (ID: 373)
2026-02-18 18:10:04,299 [DEBUG] db_storage: 保存文章成功: 新华网视评｜莫拿商标文字游戏套路消费者 (ID: 374)
2026-02-18 18:10:04,328 [DEBUG] db_storage: 保存文章成功: 新华网视评｜攫取用户隐私终将玩火自焚 (ID: 375)
2026-02-18 18:10:04,344 [DEBUG] db_storage: 保存文章成功: 新华网视评｜任何创新设计，不能偏离安全底线 (ID: 376)
2026-02-18 18:10:04,358 [DEBUG] db_storage: 保存文章成功: 新华网视评｜带“病”的健康证怎能守护健康 (ID: 377)
2026-02-18 18:10:04,375 [DEBUG] db_storage: 保存文章成功: 新华网视评｜如此明目张胆“吃拿卡要”，谁给的胆子？ (ID: 378)
2026-02-18 18:10:04,390 [DEBUG] db_storage: 保存文章成功: 新华网视评｜叫停75万买299元路由器，还欠公众一个说法 (ID: 379)
2026-02-18 18:10:04,395 [DEBUG] db_storage: 保存文章成功: 新华网视评｜新职业新工种，开启无限可能！ (ID: 380)
2026-02-18 18:10:04,399 [DEBUG] db_storage: 保存文章成功: 新华网视评｜无人机任性“黑飞” 为何管不住？ (ID: 381)
2026-02-18 18:10:04,401 [DEBUG] db_storage: 保存文章成功: 新华网视评｜决不给“面子工程”留面子 (ID: 382)
2026-02-18 18:10:04,420 [DEBUG] db_storage: 保存文章成功: 新华网视评｜既要“看家神器”，更要邻里和谐 (ID: 383)
2026-02-18 18:10:04,436 [DEBUG] db_storage: 保存文章成功: 新华网视评｜堵住公共摄像头“数据祼奔”的漏洞 (ID: 384)
2026-02-18 18:10:04,451 [DEBUG] db_storage: 保存文章成功: 新华网视评｜为监控摄像头安装划定“红线” (ID: 385)
2026-02-18 18:10:04,467 [DEBUG] db_storage: 保存文章成功: 新华网视评｜权力岂能如此任性 (ID: 386)
2026-02-18 18:10:04,471 [DEBUG] db_storage: 保存文章成功: 新华网视评丨整治基层形式主义，新华网连发三评 (ID: 387)
2026-02-18 18:10:04,474 [DEBUG] db_storage: 保存文章成功: 新华网视评｜坚持“零容忍”，让卫生巾真正“卫生”起来 (ID: 388)
2026-02-18 18:10:04,499 [DEBUG] db_storage: 保存文章成功: 新华网视评｜让“零添加”凉凉只是一个开始 (ID: 389)
2026-02-18 18:10:04,515 [DEBUG] db_storage: 保存文章成功: 新华网视评｜别让基层成为“无关摊派”的“背锅侠” (ID: 390)
2026-02-18 18:10:04,531 [DEBUG] db_storage: 保存文章成功: 新华网视评｜从源头上减少滥发牌子行为 (ID: 391)
2026-02-18 18:10:04,534 [DEBUG] db_storage: 保存文章成功: 新华网视评｜调研何必“层层陪同” (ID: 392)
2026-02-18 18:10:04,564 [DEBUG] db_storage: 保存文章成功: 新华网视评｜当“开盒”“反开盒”成常态，还有谁能一笑而过？ (ID: 393)
2026-02-18 18:10:04,577 [DEBUG] db_storage: 保存文章成功: 新华网视评｜民宿何以成为“幽灵”？ (ID: 394)
2026-02-18 18:10:04,595 [DEBUG] db_storage: 保存文章成功: 新华网视评｜岂能让“滤镜”产品拉低游客体验 (ID: 395)
2026-02-18 18:10:04,611 [DEBUG] db_storage: 保存文章成功: 新华网视评｜刹一刹加价选座这个“行业惯例” (ID: 396)
2026-02-18 18:10:04,614 [DEBUG] db_storage: 保存文章成功: 新华网视评｜“内卷式”竞争，“卷”不出未来！ (ID: 397)
2026-02-18 18:10:04,641 [DEBUG] db_storage: 保存文章成功: 新华网视评｜“AI换脸”不能想换谁就换谁 (ID: 398)
2026-02-18 18:10:04,656 [DEBUG] db_storage: 保存文章成功: 新华网视评｜两会in话题：AI跑得这么快，人才咋跟上？ (ID: 399)
2026-02-18 18:10:04,673 [DEBUG] db_storage: 保存文章成功: 新华网视评｜给网课“套娃式”收费“解套” (ID: 400)
2026-02-18 18:10:04,688 [DEBUG] db_storage: 保存文章成功: 新华网视评｜“考试包过”涉嫌违法 (ID: 401)
2026-02-18 18:10:04,705 [DEBUG] db_storage: 保存文章成功: 新华网视评｜警惕以新技术贩卖焦虑 (ID: 402)
2026-02-18 18:10:04,721 [DEBUG] db_storage: 保存文章成功: 新华网视评｜绝不容许“神医”“神药”借“山寨报刊”下乡害人 (ID: 403)
2026-02-18 18:10:04,737 [DEBUG] db_storage: 保存文章成功: 新华网视评｜中国动画电影何以踩上“风火轮”？ (ID: 404)
2026-02-18 18:10:04,766 [DEBUG] db_storage: 保存文章成功: 新华网视评｜痛别“国之脊梁”，他值得永远铭记 (ID: 405)
2026-02-18 18:10:04,782 [DEBUG] db_storage: 保存文章成功: 新华网视评｜新春消费“燃”力十足！ (ID: 406)
2026-02-18 18:10:04,796 [DEBUG] db_storage: 保存文章成功: 新华网视评｜“村咖”热销，热的是向往的生活 (ID: 407)
2026-02-18 18:10:04,811 [DEBUG] db_storage: 保存文章成功: 新华网视评｜“村跑”火热，跑出特色、跑进人心 (ID: 408)
2026-02-18 18:10:04,813 [DEBUG] db_storage: 保存文章成功: 新华网视评｜“村晚”圈粉，又土又快乐 (ID: 409)
2026-02-18 18:10:04,827 [DEBUG] db_storage: 保存文章成功: 新华网视评｜“新春战袍”秀出文化自信 (ID: 410)
2026-02-18 18:10:04,843 [DEBUG] db_storage: 保存文章成功: 新华网视评｜对跨境电诈就是要追着打 (ID: 411)
2026-02-18 18:10:04,846 [DEBUG] db_storage: 保存文章成功: 新华网视评丨给年货加点“中国新特产” (ID: 412)
2026-02-18 18:10:04,849 [DEBUG] db_storage: 保存文章成功: 新华网视评｜这种写真就是让个人信息“裸奔” (ID: 413)
2026-02-18 18:10:04,874 [DEBUG] db_storage: 保存文章成功: 新华网视评｜让压岁钱回归年俗祝福本真 (ID: 414)
2026-02-18 18:10:04,889 [DEBUG] db_storage: 保存文章成功: 新华网视评丨岂能让“黄牛”截胡消费券 (ID: 415)
2026-02-18 18:10:04,904 [DEBUG] db_storage: 保存文章成功: 新华网视评｜“智慧停车”不能有了便利忘了安全 (ID: 416)
2026-02-18 18:10:04,922 [DEBUG] db_storage: 保存文章成功: 新华网视评｜春运“上分” 新的一年排面拉满！ (ID: 417)
2026-02-18 18:10:04,937 [DEBUG] db_storage: 保存文章成功: 新华网视评丨电子处方不能有了方便忘了安全 (ID: 418)
2026-02-18 18:10:04,953 [DEBUG] db_storage: 保存文章成功: 新华网视评｜陌生快递，当心有诈！ (ID: 419)
2026-02-18 18:10:04,958 [DEBUG] db_storage: 保存文章成功: 新华网视评｜2024年度热点话题揭晓 (ID: 420)
2026-02-18 18:10:04,985 [DEBUG] db_storage: 保存文章成功: 新华网视评丨莫让“吃谷”变味 (ID: 421)
2026-02-18 18:10:05,000 [DEBUG] db_storage: 保存文章成功: 新华网视评丨“被直播”要勇于维权 (ID: 422)
2026-02-18 18:10:05,014 [DEBUG] db_storage: 保存文章成功: 新华网视评丨“第三方测评”也该“测评”一下 (ID: 423)
2026-02-18 18:10:05,031 [DEBUG] db_storage: 保存文章成功: 新华网视评丨AI客服不能只会“打太极” (ID: 424)
2026-02-18 18:10:05,034 [DEBUG] db_storage: 保存文章成功: 新华网视评丨AI技术不应用来造谣生事 (ID: 425)
2026-02-18 18:10:05,064 [DEBUG] db_storage: 保存文章成功: 新华网视评丨不能让“假羽绒”寒身更寒心 (ID: 426)
2026-02-18 18:10:05,079 [DEBUG] db_storage: 保存文章成功: 新华网视评丨“先用后付”不能让人莫名其妙 (ID: 427)
2026-02-18 18:10:05,094 [DEBUG] db_storage: 保存文章成功: 新华网视评丨女理发师爆火戳中了消费痛点 (ID: 428)
2026-02-18 18:10:05,110 [DEBUG] db_storage: 保存文章成功: 新华网视评丨纠正幼儿园“抢跑”的重要一步 (ID: 429)
2026-02-18 18:10:05,126 [DEBUG] db_storage: 保存文章成功: 新华网视评丨坚决打击消防器材造假 (ID: 430)
2026-02-18 18:10:05,143 [DEBUG] db_storage: 保存文章成功: 新华网视评丨治一治那些恼人的弹窗链接 (ID: 431)
2026-02-18 18:10:05,158 [DEBUG] db_storage: 保存文章成功: 新华网视评丨新华网三连评，警惕“网购套路” (ID: 432)
2026-02-18 18:10:05,161 [DEBUG] db_storage: 保存文章成功: 新华网视评丨不可轻信“买家秀” (ID: 433)
2026-02-18 18:10:05,190 [DEBUG] db_storage: 保存文章成功: 新华网视评丨不能被动被大数据“算计” (ID: 434)
2026-02-18 18:10:05,205 [DEBUG] db_storage: 保存文章成功: 新华网视评丨不被所谓“低价”误导 (ID: 435)
2026-02-18 18:10:05,221 [DEBUG] db_storage: 保存文章成功: 新华网视评｜充电桩成“价格刺客”，该管管了！ (ID: 436)
2026-02-18 18:10:05,236 [DEBUG] db_storage: 保存文章成功: 新华网视评｜“高空抛物判死刑”是一次震慑 (ID: 437)
2026-02-18 18:10:05,251 [DEBUG] db_storage: 保存文章成功: 新华网视评｜新华网三连评，持续关注网络坑老骗老现象 (ID: 438)
2026-02-18 18:10:05,254 [DEBUG] db_storage: 保存文章成功: 新华网视评丨为这支“国家队”点赞 (ID: 439)
2026-02-18 18:10:05,256 [DEBUG] db_storage: 保存文章成功: 新华网视评丨管一管专坑老人的“养生骗局” (ID: 440)
2026-02-18 18:10:05,258 [DEBUG] db_storage: 保存文章成功: 新华网视评丨老年人沉迷霸总短剧，不容忽视 (ID: 441)
2026-02-18 18:10:05,261 [DEBUG] db_storage: 保存文章成功: 新华网视评丨网络直播间岂能成“坑老间” (ID: 442)
2026-02-18 18:10:05,263 [DEBUG] db_storage: 保存文章成功: 新华网视评丨乐见年轻人“整顿”婚礼 (ID: 443)
2026-02-18 18:10:05,266 [DEBUG] db_storage: 保存文章成功: 新华网视评丨出游不能太任性 (ID: 444)
2026-02-18 18:10:05,268 [DEBUG] db_storage: 保存文章成功: 新华网视评丨英雄，照亮民族前行路 (ID: 445)
2026-02-18 18:10:05,286 [DEBUG] db_storage: 保存文章成功: 新华网视评丨斩断偷拍黑产，须用重拳 (ID: 446)
2026-02-18 18:10:05,300 [DEBUG] db_storage: 保存文章成功: 新华网视评丨景区玩“套路”，赚了快钱失了人心 (ID: 447)
2026-02-18 18:10:05,316 [DEBUG] db_storage: 保存文章成功: 新华网视评丨自动续费咋能这么“坑” (ID: 448)
2026-02-18 18:10:05,318 [DEBUG] db_storage: 保存文章成功: 新华网视评｜让AI成“帮手”而不是“帮凶” (ID: 449)
2026-02-18 18:10:05,346 [DEBUG] db_storage: 保存文章成功: 新华网视评丨要比“无上限服务”，而不是“无下限流量” (ID: 450)
2026-02-18 18:10:05,375 [DEBUG] db_storage: 保存文章成功: 新华网视评｜新华网三连评，为教师减负松绑 (ID: 451)
2026-02-18 18:10:05,392 [DEBUG] db_storage: 保存文章成功: 新华网视评丨教师不应承担与教育教学无关事项 (ID: 452)
2026-02-18 18:10:05,406 [DEBUG] db_storage: 保存文章成功: 新华网视评丨最好的礼物是让“尊师重教”成为常态 (ID: 453)
2026-02-18 18:10:05,409 [DEBUG] db_storage: 保存文章成功: 新华网视评丨教师的“戒尺”不该如此烫手 (ID: 454)
2026-02-18 18:10:05,423 [DEBUG] db_storage: 保存文章成功: 新华网视评丨整治“人肉开盒”，不妨换个思路 (ID: 455)
2026-02-18 18:10:05,426 [DEBUG] db_storage: 保存文章成功: 新华网视评｜别被“断骨增高”忽悠瘸了 (ID: 456)
2026-02-18 18:10:05,455 [DEBUG] db_storage: 保存文章成功: 新华网视评｜公共道路岂容“暴骑团”横冲直撞 (ID: 457)
2026-02-18 18:10:05,469 [DEBUG] db_storage: 保存文章成功: 新华网视评｜让未成年人远离“盲盒诱惑” (ID: 458)
2026-02-18 18:10:05,472 [DEBUG] db_storage: 保存文章成功: 新华网视评｜对英雄最朴素的致敬 (ID: 459)
2026-02-18 18:10:05,500 [DEBUG] db_storage: 保存文章成功: 新华网视评｜新华网三连评，直指医美乱象 (ID: 460)
2026-02-18 18:10:05,516 [DEBUG] db_storage: 保存文章成功: 新华网视评｜用“容貌焦虑”诱导青少年，必须制止 (ID: 461)
2026-02-18 18:10:05,531 [DEBUG] db_storage: 保存文章成功: 新华网视评｜小心“轻医美”成为风险“重灾区” (ID: 462)
2026-02-18 18:10:05,546 [DEBUG] db_storage: 保存文章成功: 新华网视评｜“黑医美”下沉县乡的苗头不容忽视 (ID: 463)
2026-02-18 18:10:05,548 [DEBUG] db_storage: 保存文章成功: 新华网视评｜恶性“内卷”产生不了世界一流企业 (ID: 464)
2026-02-18 18:10:05,578 [DEBUG] db_storage: 保存文章成功: 新华网视评｜派出所大院开放给群众晒粮，点赞 (ID: 465)
2026-02-18 18:10:05,594 [DEBUG] db_storage: 保存文章成功: 新华网视评｜这一刻，“更团结” (ID: 466)
2026-02-18 18:10:05,597 [DEBUG] db_storage: 保存文章成功: 新华网视评｜这样“带货”，可能会“带祸” (ID: 467)
2026-02-18 18:10:05,624 [DEBUG] db_storage: 保存文章成功: 新华网视评｜“水灵灵”的00后，扛事儿！ (ID: 468)
2026-02-18 18:10:05,640 [DEBUG] db_storage: 保存文章成功: 新华网视评｜新华网三连评，直指农村人居环境整治乱象 (ID: 469)
2026-02-18 18:10:05,644 [DEBUG] db_storage: 保存文章成功: 新华网视评｜点赞！巴黎奥运赛场上的中国突破 (ID: 470)
2026-02-18 18:10:05,671 [DEBUG] db_storage: 保存文章成功: 新华网视评｜这样的“纳凉点”，很有人情味 (ID: 471)
2026-02-18 18:10:05,686 [DEBUG] db_storage: 保存文章成功: 新华网视评｜唯拼搏最可敬 (ID: 472)
2026-02-18 18:10:05,701 [DEBUG] db_storage: 保存文章成功: 新华网视评｜农村人居环境整治不能无视农民意愿 (ID: 473)
2026-02-18 18:10:05,719 [DEBUG] db_storage: 保存文章成功: 新华网视评｜农村人居环境整治不可只要“面子”不顾“里子” (ID: 474)
2026-02-18 18:10:05,749 [DEBUG] db_storage: 保存文章成功: 新华网视评｜农村人居环境整治岂能“千村一面” (ID: 475)
2026-02-18 18:10:05,763 [DEBUG] db_storage: 保存文章成功: 新华网视评｜校园体育设施暑期“不放假”，点赞！ (ID: 476)
2026-02-18 18:10:05,766 [DEBUG] db_storage: 保存文章成功: 新华网视评｜大数据“杀熟”，“杀”掉的是信任 (ID: 477)
2026-02-18 18:10:05,796 [DEBUG] db_storage: 保存文章成功: 新华网视评｜图书馆借还书也能“快递”了，点赞! (ID: 478)
2026-02-18 18:10:05,826 [DEBUG] db_storage: 保存文章成功: 新华网视评｜对这样的“欺诈游”必须重拳出击！ (ID: 479)
2026-02-18 18:10:05,842 [DEBUG] db_storage: 保存文章成功: 新华网视评｜为这一城市管理微创新点赞！ (ID: 480)
2026-02-18 18:10:05,844 [DEBUG] db_storage: 保存文章成功: 新华网视评｜莫让升学宴变成“绑架宴” (ID: 481)
2026-02-18 18:10:05,883 [DEBUG] db_storage: 保存文章成功: 新华网视评｜为博物馆“延时开放”点赞 (ID: 482)
2026-02-18 18:10:05,904 [DEBUG] db_storage: 保存文章成功: 新华网视评｜景区摆渡车宰客，该好好治治了 (ID: 483)
2026-02-18 18:10:05,907 [DEBUG] db_storage: 保存文章成功: 新华网视评｜拒绝暑假“弯道超车”焦虑 (ID: 484)
2026-02-18 18:10:05,909 [DEBUG] db_storage: 保存文章成功: 新华网视评｜研学游别只剩一个“游”字 (ID: 485)
2026-02-18 18:10:05,936 [DEBUG] db_storage: 保存文章成功: 新华网视评｜转变话风就是转变作风 (ID: 486)
2026-02-18 18:10:05,951 [DEBUG] db_storage: 保存文章成功: 新华网视评｜自导自演的假闹剧该“收场”了 (ID: 487)
2026-02-18 18:10:05,967 [DEBUG] db_storage: 保存文章成功: 新华网视评｜对网络“黑嘴”必须重拳出击 (ID: 488)
2026-02-18 18:10:05,984 [DEBUG] db_storage: 保存文章成功: 新华网视评｜靠炫富博流量注定是一条死胡同 (ID: 489)
2026-02-18 18:10:05,999 [DEBUG] db_storage: 保存文章成功: 新华网视评｜以这样的方式谋出圈，只能出丑 (ID: 490)
2026-02-18 18:10:06,014 [DEBUG] db_storage: 保存文章成功: 新华网视评｜连一只鸡都容不下？作风之“病”得治！ (ID: 491)
2026-02-18 18:10:06,032 [DEBUG] db_storage: 保存文章成功: 新华网视评｜警惕高考志愿填报“骗局” (ID: 492)
2026-02-18 18:10:06,034 [DEBUG] db_storage: 保存文章成功: 新华网视评｜真人版“盗墓笔记”？别玩脱了 (ID: 493)
2026-02-18 18:10:06,060 [DEBUG] db_storage: 保存文章成功: 新华网视评｜别拿天热不当回事儿 (ID: 494)
2026-02-18 18:10:06,076 [DEBUG] db_storage: 保存文章成功: 新华网视评｜不合时宜的景区实名预约应退尽退 (ID: 495)
2026-02-18 18:10:06,091 [DEBUG] db_storage: 保存文章成功: 新华网视评｜假公益真圈钱 “支教生意”必须严查 (ID: 496)
2026-02-18 18:10:06,106 [DEBUG] db_storage: 保存文章成功: 新华网视评｜对“环保老赖”要一督到底 (ID: 497)
2026-02-18 18:10:06,109 [DEBUG] db_storage: 保存文章成功: 新华网视评｜孩子个子长了，课桌椅高度怎么还不变？ (ID: 498)
2026-02-18 18:10:06,109 [INFO] db_storage: 批量保存完成: 成功=194, 跳过=0, 失败=0
2026-02-18 18:10:06,109 [INFO] main:   ✓ 完成: 爬取=194, 保存=194, 跳过=0
2026-02-18 18:10:06,109 [INFO] main: 
[人民网评] 开始爬取...
2026-02-18 18:10:06,110 [INFO] spiders: 开始爬取: 人民网评
2026-02-18 18:10:06,110 [DEBUG] spiders: 请求URL: http://opinion.people.com.cn/GB/223228/index.html (尝试 1/3)
2026-02-18 18:10:06,110 [DEBUG] urllib3.connectionpool: Starting new HTTP connection (1): opinion.people.com.cn:80
2026-02-18 18:10:06,303 [DEBUG] urllib3.connectionpool: http://opinion.people.com.cn:80 "GET /GB/223228/index.html HTTP/1.1" 200 6420
2026-02-18 18:10:06,304 [INFO] spiders: 成功获取: http://opinion.people.com.cn/GB/223228/index.html (状态码: 200)
2026-02-18 18:10:06,317 [INFO] spiders: 人民网评 解析到 55 篇文章
2026-02-18 18:10:08,348 [DEBUG] db_storage: 保存文章成功: 人民网评：新春问暖见初心，民生烟火最动人 (ID: 499)
2026-02-18 18:10:08,375 [DEBUG] db_storage: 保存文章成功: 每一个投资创业者都是营商环境的检验员、宣传员 (ID: 500)
2026-02-18 18:10:08,392 [DEBUG] db_storage: 保存文章成功: 人民网评：推动儿科医疗资源下沉 精准对接群众需求 (ID: 501)
2026-02-18 18:10:08,407 [DEBUG] db_storage: 保存文章成功: 人民网评：日本需要“大智慧”，绝非“小聪明” (ID: 502)
2026-02-18 18:10:08,423 [DEBUG] db_storage: 保存文章成功: 人民网评：推动“汗水农业”向“智慧农业”转型升级 (ID: 503)
2026-02-18 18:10:08,428 [DEBUG] db_storage: 保存文章成功: 人民网评：守牢安全防线 让新春更祥和 (ID: 504)
2026-02-18 18:10:08,432 [DEBUG] db_storage: 保存文章成功: 人民网评：日本内政分裂加剧，用向外转嫁掩盖无力 (ID: 505)
2026-02-18 18:10:08,437 [DEBUG] db_storage: 保存文章成功: 人民网评：从“有屋住”到“住得好”，因地制宜建设和美乡村 (ID: 506)
2026-02-18 18:10:08,441 [DEBUG] db_storage: 保存文章成功: 人民网评：高市妄动冒进，日本失信周边 (ID: 507)
2026-02-18 18:10:08,445 [DEBUG] db_storage: 保存文章成功: 人民网评：精准帮扶常态化，把资源用在刀刃上 (ID: 508)
2026-02-18 18:10:08,448 [DEBUG] db_storage: 保存文章成功: 人民网评：粮食安全没有“休止符” (ID: 509)
2026-02-18 18:10:08,470 [DEBUG] db_storage: 保存文章成功: 人民网评：让更多残疾人“好就业、就好业” (ID: 510)
2026-02-18 18:10:08,500 [DEBUG] db_storage: 保存文章成功: 人民网评：让“地球之肾”永葆活力 (ID: 511)
2026-02-18 18:10:08,514 [DEBUG] db_storage: 保存文章成功: 人民网评：小视角映射大时代，走基层凝聚奋进伟力 (ID: 512)
2026-02-18 18:10:08,529 [DEBUG] db_storage: 保存文章成功: 人民网评：司法精准发力，全链条打击毒品犯罪 (ID: 513)
2026-02-18 18:10:08,545 [DEBUG] db_storage: 保存文章成功: 人民网评：呈现活力中国，走基层“新”字当先 (ID: 514)
2026-02-18 18:10:08,560 [DEBUG] db_storage: 保存文章成功: 人民网评：新春走基层，听真话察真情研究真问题 (ID: 515)
2026-02-18 18:10:08,576 [DEBUG] db_storage: 保存文章成功: 人民网评：宝可梦，为何总是明知故犯？ (ID: 516)
2026-02-18 18:10:08,592 [DEBUG] db_storage: 保存文章成功: 人民网评：构建适配新时代医药产业发展的法治框架 (ID: 517)
2026-02-18 18:10:08,607 [DEBUG] db_storage: 保存文章成功: 人民网评：该为的必须为、能为的努力为、不该为的决不为 (ID: 518)
2026-02-18 18:10:08,623 [DEBUG] db_storage: 保存文章成功: 人民网评：既明白是什么，又明白为什么、怎么做 (ID: 519)
2026-02-18 18:10:08,639 [DEBUG] db_storage: 保存文章成功: 人民网评：让农民工群体过好年稳好业 (ID: 520)
2026-02-18 18:10:08,654 [DEBUG] db_storage: 保存文章成功: 人民网评：煤矸石铺路，水源地岂能如此“图方便”！ (ID: 521)
2026-02-18 18:10:08,669 [DEBUG] db_storage: 保存文章成功: 人民网评：要以全局视野领会全会精神 (ID: 522)
2026-02-18 18:10:08,672 [DEBUG] db_storage: 保存文章成功: 人民网评：送岗更送暖，托举困难群体就业 (ID: 523)
2026-02-18 18:10:08,674 [DEBUG] db_storage: 保存文章成功: 人民网评：廊涿干渠验收的“马拉松”何时能休？ (ID: 524)
2026-02-18 18:10:08,701 [DEBUG] db_storage: 保存文章成功: 人民网评：从"量"入"质"，知识产权赋能创新发展 (ID: 525)
2026-02-18 18:10:08,717 [DEBUG] db_storage: 保存文章成功: 人民网评：稳就业强保障，以民生温度筑发展根基 (ID: 526)
2026-02-18 18:10:08,732 [DEBUG] db_storage: 保存文章成功: 人民网评：安全生产是企业运营的“基本盘” (ID: 527)
2026-02-18 18:10:08,747 [DEBUG] db_storage: 保存文章成功: 人民网评：全力答好春运考卷 (ID: 528)
2026-02-18 18:10:08,750 [DEBUG] db_storage: 保存文章成功: 人民网评：中国“含绿量”持续转化为“含金量” (ID: 529)
2026-02-18 18:10:08,764 [DEBUG] db_storage: 保存文章成功: 人民网评：以更高标准、更实举措推进全面从严治党 (ID: 530)
2026-02-18 18:10:08,778 [DEBUG] db_storage: 保存文章成功: 人民网评：以反垄断为切入口，助平台回归服务本质 (ID: 531)
2026-02-18 18:10:08,781 [DEBUG] db_storage: 保存文章成功: 人民网评：农业根基更稳、底色更绿 (ID: 532)
2026-02-18 18:10:08,783 [DEBUG] db_storage: 保存文章成功: 人民网评：好药新药加速惠及百姓 健康中国根基更牢 (ID: 533)
2026-02-18 18:10:08,809 [DEBUG] db_storage: 保存文章成功: 人民网评：拧紧生产“安全阀” (ID: 534)
2026-02-18 18:10:08,825 [DEBUG] db_storage: 保存文章成功: 人民网评：十年大江焕颜，谱写生态与发展共赢新篇章 (ID: 535)
2026-02-18 18:10:08,830 [DEBUG] db_storage: 保存文章成功: 人民网评：以“全链条责任”织密冬春季防灾减灾安全网 (ID: 536)
2026-02-18 18:10:08,856 [DEBUG] db_storage: 保存文章成功: 人民网评：热气腾腾的生活，蒸蒸日上的中国 (ID: 537)
2026-02-18 18:10:08,872 [DEBUG] db_storage: 保存文章成功: 人民网评：中国乡村的未来，希望无限！ (ID: 538)
2026-02-18 18:10:08,890 [DEBUG] db_storage: 保存文章成功: 人民网评：让学前学籍切实守护好孩子们的成长 (ID: 539)
2026-02-18 18:10:08,894 [DEBUG] db_storage: 保存文章成功: 人民网评：坚定信心、用好优势、应对挑战 (ID: 540)
2026-02-18 18:10:08,896 [DEBUG] db_storage: 保存文章成功: 人民网评：总有一种力量让我们向前一步、再一步 (ID: 541)
2026-02-18 18:10:08,899 [DEBUG] db_storage: 保存文章成功: 人民网评：让每个人在AI时代都能找到自我定位 (ID: 542)
2026-02-18 18:10:08,901 [DEBUG] db_storage: 保存文章成功: 人民网评：与“Z世代“一起重塑经济未来 (ID: 543)
2026-02-18 18:10:08,956 [DEBUG] db_storage: 保存文章成功: 人民网评：保护南极，立在当下、利在长远 (ID: 544)
2026-02-18 18:10:08,984 [DEBUG] db_storage: 保存文章成功: 人民网评：从“惩戒”到“修复”，信用治理更精准 (ID: 545)
2026-02-18 18:10:09,013 [DEBUG] db_storage: 保存文章成功: 人民网评：持续加码医保投入 夯实健康中国 (ID: 546)
2026-02-18 18:10:09,028 [DEBUG] db_storage: 保存文章成功: 人民网评：以法治之力涵养书香中国 (ID: 547)
2026-02-18 18:10:09,031 [DEBUG] db_storage: 保存文章成功: 人民网评：不能忘、不敢忘、不会忘！ (ID: 548)
2026-02-18 18:10:09,060 [DEBUG] db_storage: 保存文章成功: 青春华章｜人民网评：让蓝色大海成为金色聚宝盆 (ID: 549)
2026-02-18 18:10:09,076 [DEBUG] db_storage: 保存文章成功: 青春华章｜人民网评：练就向海图强的“超能力” (ID: 550)
2026-02-18 18:10:09,090 [DEBUG] db_storage: 保存文章成功: 中国经济“向新力”｜创新药迎来“量质双升” (ID: 551)
2026-02-18 18:10:09,105 [DEBUG] db_storage: 保存文章成功: 人民网评：以司法力量护航民营经济行稳致远 (ID: 552)
2026-02-18 18:10:09,121 [DEBUG] db_storage: 保存文章成功: 青春华章｜人民网评：勇立潮头担使命，谋海济国写青春 (ID: 553)
2026-02-18 18:10:09,121 [INFO] db_storage: 批量保存完成: 成功=55, 跳过=0, 失败=0
2026-02-18 18:10:09,121 [INFO] main:   ✓ 完成: 爬取=55, 保存=55, 跳过=0
2026-02-18 18:10:09,121 [INFO] main: ------------------------------------------------------------
2026-02-18 18:10:09,122 [INFO] main: 
============================================================
2026-02-18 18:10:09,122 [INFO] main: 数据库统计
2026-02-18 18:10:09,122 [INFO] main: ============================================================
2026-02-18 18:10:09,124 [INFO] main: 文章总数: 249
2026-02-18 18:10:09,125 [INFO] main: 
按来源统计:
2026-02-18 18:10:09,126 [INFO] main:   新华网: 194 篇
2026-02-18 18:10:09,126 [INFO] main:   人民网: 55 篇
2026-02-18 18:10:09,128 [INFO] main: 
最新文章:
2026-02-18 18:10:09,128 [INFO] main:   - 新华网视评｜电动自行车上楼入户，除了“防”还得“疏”... (2026-01-02)
2026-02-18 18:10:09,129 [INFO] main:   - 青春华章｜人民网评：勇立潮头担使命，谋海济国写青春... (2025-12-09)
2026-02-18 18:10:09,129 [INFO] main:   - 人民网评：以司法力量护航民营经济行稳致远... (2025-12-09)
2026-02-18 18:10:09,129 [INFO] main:   - 中国经济“向新力”｜创新药迎来“量质双升”... (2025-12-10)
2026-02-18 18:10:09,129 [INFO] main:   - 青春华章｜人民网评：练就向海图强的“超能力”... (2025-12-10)
2026-02-18 18:10:09,130 [INFO] __main__: 
================================================================================
2026-02-18 18:10:09,130 [INFO] __main__: 定时爬取任务完成
2026-02-18 18:10:09,130 [INFO] __main__: ================================================================================
2026-02-18 18:10:09,130 [INFO] __main__: 开始时间: 2026-02-18 18:09:54
2026-02-18 18:10:09,131 [INFO] __main__: 结束时间: 2026-02-18 18:10:09
2026-02-18 18:10:09,131 [INFO] __main__: 耗时: 14.58 秒
2026-02-18 18:10:09,131 [INFO] __main__: 总爬取: 249 篇
2026-02-18 18:10:09,131 [INFO] __main__: 成功保存: 249 篇
2026-02-18 18:10:09,131 [INFO] __main__: 跳过重复: 0 篇
2026-02-18 18:10:09,131 [INFO] __main__: 
各数据源:
2026-02-18 18:10:09,131 [INFO] __main__:   新华网-视评: 爬取=194, 保存=194
2026-02-18 18:10:09,131 [INFO] __main__:   人民网评: 爬取=55, 保存=55
2026-02-18 18:10:09,131 [INFO] __main__: ================================================================================
2026-02-18 18:10:09,132 [INFO] __main__: 任务状态重置为空闲

2026-02-18 18:10:16,002 [INFO] __main__: ================================================================================
2026-02-18 18:10:16,002 [INFO] __main__: 研时定时任务调度器启动
2026-02-18 18:10:16,003 [INFO] __main__: ================================================================================
2026-02-18 18:10:16,003 [INFO] __main__: 初始化爬虫实例...
2026-02-18 18:10:16,003 [INFO] db_storage: 数据库管理器初始化完成
2026-02-18 18:10:16,003 [INFO] main: ============================================================
2026-02-18 18:10:16,004 [INFO] main: 研时爬虫系统启动
2026-02-18 18:10:16,004 [INFO] main: ============================================================
2026-02-18 18:10:16,004 [INFO] main: 测试数据库连接...
2026-02-18 18:10:16,009 [INFO] db_storage: 数据库连接测试成功
2026-02-18 18:10:16,009 [INFO] main: ✓ 数据库连接正常
2026-02-18 18:10:16,010 [INFO] main: 初始化爬虫实例...
2026-02-18 18:10:16,010 [INFO] spiders: 初始化爬虫: 新华网-首页
2026-02-18 18:10:16,010 [INFO] main: ✓ 初始化爬虫: 新华网-首页
2026-02-18 18:10:16,011 [INFO] spiders: 初始化爬虫: 新华网-会议活动
2026-02-18 18:10:16,011 [INFO] main: ✓ 初始化爬虫: 新华网-会议活动
2026-02-18 18:10:16,011 [INFO] spiders: 初始化爬虫: 新华网-视评
2026-02-18 18:10:16,011 [INFO] main: ✓ 初始化爬虫: 新华网-视评
2026-02-18 18:10:16,011 [INFO] spiders: 初始化爬虫: 人民网评
2026-02-18 18:10:16,011 [INFO] main: ✓ 初始化爬虫: 人民网评
2026-02-18 18:10:16,011 [INFO] __main__: 成功初始化 4 个爬虫
2026-02-18 18:10:16,012 [INFO] __main__: 定时任务已配置: 每天 12:00 执行
2026-02-18 18:10:16,012 [INFO] __main__: 输入 'q' 或 'quit' 退出程序
2026-02-18 18:10:16,012 [INFO] __main__: 输入 'r' 或 'run' 立即执行一次爬取
2026-02-18 18:10:16,012 [INFO] __main__: ================================================================================

2026-02-18 18:10:16,012 [INFO] spiders: 爬虫 新华网-首页 已关闭
2026-02-18 18:10:16,012 [INFO] spiders: 爬虫 新华网-会议活动 已关闭
2026-02-18 18:10:16,012 [INFO] spiders: 爬虫 新华网-视评 已关闭
2026-02-18 18:10:16,012 [INFO] spiders: 爬虫 人民网评 已关闭
2026-02-18 18:10:16,012 [INFO] main: 爬虫系统已关闭
2026-02-18 18:10:16,013 [INFO] __main__: 定时任务调度器已关闭
2026-02-18 18:10:55,533 [INFO] __main__: ================================================================================
2026-02-18 18:10:55,533 [INFO] __main__: 研时定时任务调度器启动
2026-02-18 18:10:55,534 [INFO] __main__: ================================================================================
2026-02-18 18:10:55,534 [INFO] __main__: 初始化爬虫实例...
2026-02-18 18:10:55,534 [INFO] db_storage: 数据库管理器初始化完成
2026-02-18 18:10:55,534 [INFO] main: ============================================================
2026-02-18 18:10:55,535 [INFO] main: 研时爬虫系统启动
2026-02-18 18:10:55,535 [INFO] main: ============================================================
2026-02-18 18:10:55,535 [INFO] main: 测试数据库连接...
2026-02-18 18:10:55,540 [INFO] db_storage: 数据库连接测试成功
2026-02-18 18:10:55,541 [INFO] main: ✓ 数据库连接正常
2026-02-18 18:10:55,541 [INFO] main: 初始化爬虫实例...
2026-02-18 18:10:55,542 [INFO] spiders: 初始化爬虫: 新华网-首页
2026-02-18 18:10:55,542 [INFO] main: ✓ 初始化爬虫: 新华网-首页
2026-02-18 18:10:55,542 [INFO] spiders: 初始化爬虫: 新华网-会议活动
2026-02-18 18:10:55,542 [INFO] main: ✓ 初始化爬虫: 新华网-会议活动
2026-02-18 18:10:55,543 [INFO] spiders: 初始化爬虫: 新华网-视评
2026-02-18 18:10:55,543 [INFO] main: ✓ 初始化爬虫: 新华网-视评
2026-02-18 18:10:55,543 [INFO] spiders: 初始化爬虫: 人民网评
2026-02-18 18:10:55,543 [INFO] main: ✓ 初始化爬虫: 人民网评
2026-02-18 18:10:55,543 [INFO] __main__: 成功初始化 4 个爬虫
2026-02-18 18:10:55,544 [INFO] __main__: 定时任务已配置: 每天 12:00 执行
2026-02-18 18:10:55,544 [INFO] __main__: 输入 'q' 或 'quit' 退出程序
2026-02-18 18:10:55,544 [INFO] __main__: 输入 'r' 或 'run' 立即执行一次爬取
2026-02-18 18:10:55,544 [INFO] __main__: ================================================================================

2026-02-18 18:11:05,670 [INFO] __main__: 下次执行时间:
2026-02-18 18:11:05,671 [INFO] __main__:   2026-02-19 12:00:00
2026-02-18 19:20:26,672 [INFO] __main__: 
接收到中断信号，程序即将退出
2026-02-18 19:20:26,675 [INFO] spiders: 爬虫 新华网-首页 已关闭
2026-02-18 19:20:26,675 [INFO] spiders: 爬虫 新华网-会议活动 已关闭
2026-02-18 19:20:26,675 [INFO] spiders: 爬虫 新华网-视评 已关闭
2026-02-18 19:20:26,676 [INFO] spiders: 爬虫 人民网评 已关闭
2026-02-18 19:20:26,676 [INFO] main: 爬虫系统已关闭
2026-02-18 19:20:26,676 [INFO] __main__: 定时任务调度器已关闭
2026-02-18 19:32:57,735 [INFO] __main__: 初始化爬虫实例...
2026-02-18 19:32:57,735 [INFO] db_storage: 数据库管理器初始化完成
2026-02-18 19:32:57,735 [INFO] main: ============================================================
2026-02-18 19:32:57,735 [INFO] main: 研时爬虫系统启动
2026-02-18 19:32:57,736 [INFO] main: ============================================================
2026-02-18 19:32:57,736 [INFO] main: 测试数据库连接...
2026-02-18 19:32:57,741 [INFO] db_storage: 数据库连接测试成功
2026-02-18 19:32:57,742 [INFO] main: ✓ 数据库连接正常
2026-02-18 19:32:57,742 [INFO] main: 初始化爬虫实例...
2026-02-18 19:32:57,742 [INFO] spiders: 初始化爬虫: 新华网-首页
2026-02-18 19:32:57,742 [INFO] main: ✓ 初始化爬虫: 新华网-首页
2026-02-18 19:32:57,743 [INFO] spiders: 初始化爬虫: 新华网-会议活动
2026-02-18 19:32:57,743 [INFO] main: ✓ 初始化爬虫: 新华网-会议活动
2026-02-18 19:32:57,743 [INFO] spiders: 初始化爬虫: 新华网-视评
2026-02-18 19:32:57,743 [INFO] main: ✓ 初始化爬虫: 新华网-视评
2026-02-18 19:32:57,743 [INFO] spiders: 初始化爬虫: 人民网评
2026-02-18 19:32:57,743 [INFO] main: ✓ 初始化爬虫: 人民网评
2026-02-18 19:32:57,743 [INFO] __main__: 成功初始化 4 个爬虫
2026-02-18 19:32:57,744 [INFO] __main__: 立即执行模式: 手动触发爬取任务
2026-02-18 19:32:57,744 [INFO] __main__: ================================================================================
2026-02-18 19:32:57,744 [INFO] __main__: 定时爬取任务开始: 2026-02-18 19:32:57
2026-02-18 19:32:57,744 [INFO] __main__: ================================================================================
2026-02-18 19:32:57,744 [INFO] main: 开始爬取所有数据源...
2026-02-18 19:32:57,744 [INFO] main: ------------------------------------------------------------
2026-02-18 19:32:57,744 [INFO] main: 
[新华网-首页] 开始爬取...
2026-02-18 19:32:57,744 [INFO] spiders: 开始爬取: 新华网-首页
2026-02-18 19:32:57,744 [DEBUG] spiders: 请求URL: http://www.news.cn/politics/leaders/index.htm (尝试 1/3)
2026-02-18 19:32:57,746 [DEBUG] urllib3.connectionpool: Starting new HTTP connection (1): www.news.cn:80
2026-02-18 19:32:57,935 [DEBUG] urllib3.connectionpool: http://www.news.cn:80 "GET /politics/leaders/index.htm HTTP/1.1" 200 4779
2026-02-18 19:32:57,936 [INFO] spiders: 成功获取: http://www.news.cn/politics/leaders/index.htm (状态码: 200)
2026-02-18 19:32:57,943 [INFO] spiders: 新华网-首页 解析到 0 篇文章
2026-02-18 19:32:59,944 [INFO] main:   未获取到文章
2026-02-18 19:32:59,945 [INFO] main: 
[新华网-会议活动] 开始爬取...
2026-02-18 19:32:59,945 [INFO] spiders: 开始爬取: 新华网-会议活动
2026-02-18 19:32:59,945 [DEBUG] spiders: 请求URL: http://www.news.cn/politics/leaders/cpc20/hyhd.htm (尝试 1/3)
2026-02-18 19:32:59,946 [DEBUG] urllib3.connectionpool: Starting new HTTP connection (1): www.news.cn:80
2026-02-18 19:33:00,095 [DEBUG] urllib3.connectionpool: http://www.news.cn:80 "GET /politics/leaders/cpc20/hyhd.htm HTTP/1.1" 404 1818
2026-02-18 19:33:00,096 [ERROR] spiders: 请求失败: http://www.news.cn/politics/leaders/cpc20/hyhd.htm - 404 Client Error: Not Found for url: http://www.news.cn/politics/leaders/cpc20/hyhd.htm
2026-02-18 19:33:02,096 [DEBUG] spiders: 请求URL: http://www.news.cn/politics/leaders/cpc20/hyhd.htm (尝试 2/3)
2026-02-18 19:33:02,107 [DEBUG] urllib3.connectionpool: http://www.news.cn:80 "GET /politics/leaders/cpc20/hyhd.htm HTTP/1.1" 404 1818
2026-02-18 19:33:02,108 [ERROR] spiders: 请求失败: http://www.news.cn/politics/leaders/cpc20/hyhd.htm - 404 Client Error: Not Found for url: http://www.news.cn/politics/leaders/cpc20/hyhd.htm
2026-02-18 19:33:04,108 [DEBUG] spiders: 请求URL: http://www.news.cn/politics/leaders/cpc20/hyhd.htm (尝试 3/3)
2026-02-18 19:33:04,120 [DEBUG] urllib3.connectionpool: http://www.news.cn:80 "GET /politics/leaders/cpc20/hyhd.htm HTTP/1.1" 404 1818
2026-02-18 19:33:04,120 [ERROR] spiders: 请求失败: http://www.news.cn/politics/leaders/cpc20/hyhd.htm - 404 Client Error: Not Found for url: http://www.news.cn/politics/leaders/cpc20/hyhd.htm
2026-02-18 19:33:04,121 [ERROR] spiders: 获取 新华网-会议活动 列表失败
2026-02-18 19:33:04,121 [INFO] main:   未获取到文章
2026-02-18 19:33:04,121 [INFO] main: 
[新华网-视评] 开始爬取...
2026-02-18 19:33:04,121 [INFO] spiders: 开始爬取: 新华网-视评
2026-02-18 19:33:04,121 [DEBUG] spiders: 请求URL: https://www.news.cn/comments/zt/xhwsp/index.html (尝试 1/3)
2026-02-18 19:33:04,122 [DEBUG] urllib3.connectionpool: Starting new HTTPS connection (1): www.news.cn:443
2026-02-18 19:33:04,261 [DEBUG] urllib3.connectionpool: https://www.news.cn:443 "GET /comments/zt/xhwsp/index.html HTTP/1.1" 200 64259
2026-02-18 19:33:04,273 [INFO] spiders: 成功获取: https://www.news.cn/comments/zt/xhwsp/index.html (状态码: 200)
2026-02-18 19:33:04,316 [INFO] spiders: 新华网-视评 解析到 194 篇文章
2026-02-18 19:33:06,351 [DEBUG] db_storage: 保存文章成功: 新华网视评丨这样的暖心服务，可以更多些 (ID: 305)
2026-02-18 19:33:06,355 [DEBUG] db_storage: 保存文章成功: 新华网视评丨这个“网红”记大功，追授优秀共产党员称号 (ID: 306)
2026-02-18 19:33:06,374 [DEBUG] db_storage: 保存文章成功: 新华网视评丨厘清家校权责边界 (ID: 307)
2026-02-18 19:33:06,390 [DEBUG] db_storage: 保存文章成功: 新华网视评丨家长当好家长 老师做好老师 (ID: 308)
2026-02-18 19:33:06,406 [DEBUG] db_storage: 保存文章成功: 新华网视评丨春运出行，这些谣言必须当心 (ID: 309)
2026-02-18 19:33:06,421 [DEBUG] db_storage: 保存文章成功: 新华网视评丨致敬这些平凡而伟大的守护 (ID: 310)
2026-02-18 19:33:06,436 [DEBUG] db_storage: 保存文章成功: 新华网视评丨这三起典型案例，都暴露出同一个问题 (ID: 311)
2026-02-18 19:33:06,453 [DEBUG] db_storage: 保存文章成功: 新华网视评丨一个行业协会，真的需要这么多副会长吗？ (ID: 312)
2026-02-18 19:33:06,458 [DEBUG] db_storage: 保存文章成功: 新华网视评丨平台越大，越要守规矩有担当 (ID: 313)
2026-02-18 19:33:06,481 [DEBUG] db_storage: 保存文章成功: 新华网视评丨司法公开不能“匿名”，责任担当不可“隐身” (ID: 314)
2026-02-18 19:33:06,497 [DEBUG] db_storage: 保存文章成功: 新华网视评丨敬畏自然，敬畏生命 (ID: 315)
2026-02-18 19:33:06,500 [DEBUG] db_storage: 保存文章成功: 新华网视评丨“宝华月季”，因何而美？ (ID: 316)
2026-02-18 19:33:06,504 [DEBUG] db_storage: 保存文章成功: 新华网视评｜易燃易爆的氢气球，并非浪漫的选择 (ID: 317)
2026-02-18 19:33:06,506 [DEBUG] db_storage: 保存文章成功: 新华网视评｜电动自行车上楼入户，除了“防”还得“疏” (ID: 567)
2026-02-18 19:33:06,529 [DEBUG] db_storage: 保存文章成功: 新华网视评｜警惕这些年底诈骗新招 (ID: 319)
2026-02-18 19:33:06,544 [DEBUG] db_storage: 保存文章成功: 新华网视评｜给幼儿园乱收费戴上“紧箍咒” (ID: 320)
2026-02-18 19:33:06,560 [DEBUG] db_storage: 保存文章成功: 新华网视评｜别让“闹心事”透支航司口碑 (ID: 321)
2026-02-18 19:33:06,562 [DEBUG] db_storage: 保存文章成功: 新华网视评｜让食物发挥“余热”，点赞！ (ID: 322)
2026-02-18 19:33:06,593 [DEBUG] db_storage: 保存文章成功: 新华网视评｜儿童设施不能只注重美观 (ID: 323)
2026-02-18 19:33:06,607 [DEBUG] db_storage: 保存文章成功: 新华网视评｜城市更新，无障碍设施也要更新 (ID: 324)
2026-02-18 19:33:06,621 [DEBUG] db_storage: 保存文章成功: 新华网视评｜公共标识让大家看懂是前提 (ID: 325)
2026-02-18 19:33:06,637 [DEBUG] db_storage: 保存文章成功: 新华网视评｜善听消费者声音很有必要 (ID: 326)
2026-02-18 19:33:06,639 [DEBUG] db_storage: 保存文章成功: 新华网视评｜让低俗团播彻底“下线退场” (ID: 327)
2026-02-18 19:33:06,642 [DEBUG] db_storage: 保存文章成功: 新华网视评｜剜除“摆拍造谣”这颗网络毒瘤 (ID: 328)
2026-02-18 19:33:06,644 [DEBUG] db_storage: 保存文章成功: 新华网视评丨别让“随口一说”成为扎向企业的“软刀子” (ID: 329)
2026-02-18 19:33:06,646 [DEBUG] db_storage: 保存文章成功: 新华网视评丨警惕政策一上新谣言就上线 (ID: 330)
2026-02-18 19:33:06,648 [DEBUG] db_storage: 保存文章成功: 新华网视评丨“免费”谣言引哄抢，这样的闹剧当休矣 (ID: 331)
2026-02-18 19:33:06,650 [DEBUG] db_storage: 保存文章成功: 新华网视评｜滥用AI模特有可能触碰法律红线 (ID: 332)
2026-02-18 19:33:06,652 [DEBUG] db_storage: 保存文章成功: 新华网视评｜擅自替商家调价，是一种“霸权”行为 (ID: 333)
2026-02-18 19:33:06,654 [DEBUG] db_storage: 保存文章成功: 新华网视评｜“管不住”的套路，“够不着”的监管 (ID: 334)
2026-02-18 19:33:06,667 [DEBUG] db_storage: 保存文章成功: 新华网视评｜拿AI编造案例当诉讼依据，荒唐！ (ID: 335)
2026-02-18 19:33:06,670 [DEBUG] db_storage: 保存文章成功: 新华网视评｜公共服务怎能给商业广告“让路” (ID: 336)
2026-02-18 19:33:06,683 [DEBUG] db_storage: 保存文章成功: 新华网视评｜私域直播岂能变成“坑老”陷阱 (ID: 337)
2026-02-18 19:33:06,686 [DEBUG] db_storage: 保存文章成功: 新华网视评︱要有“卷尺哥”，更要有“听劝局” (ID: 338)
2026-02-18 19:33:06,688 [DEBUG] db_storage: 保存文章成功: 新华网视评｜主食浪费，触目惊心 (ID: 339)
2026-02-18 19:33:06,752 [DEBUG] db_storage: 保存文章成功: 新华网视评｜“仪式感”不是浪费的遮羞布 (ID: 340)
2026-02-18 19:33:06,777 [DEBUG] db_storage: 保存文章成功: 新华网视评｜别让外卖“满减”成“浪费” (ID: 341)
2026-02-18 19:33:06,779 [DEBUG] db_storage: 保存文章成功: 新华网视评｜坚决刹住“AI换装”亵渎军警形象这股歪风 (ID: 342)
2026-02-18 19:33:06,781 [DEBUG] db_storage: 保存文章成功: 新华网视评｜必须撕开“伪正能量”的遮羞布 (ID: 343)
2026-02-18 19:33:06,783 [DEBUG] db_storage: 保存文章成功: 新华网视评｜破解假日充电难需要新思维 (ID: 344)
2026-02-18 19:33:06,808 [DEBUG] db_storage: 保存文章成功: 新华网视评｜靠“智驾神器”，无异于“智障行为” (ID: 345)
2026-02-18 19:33:06,811 [DEBUG] db_storage: 保存文章成功: 新华网视评｜节假日不能是“宰客日” (ID: 346)
2026-02-18 19:33:06,813 [DEBUG] db_storage: 保存文章成功: 新华网视评｜“柴怼怼”们栽得不冤！ (ID: 347)
2026-02-18 19:33:06,817 [DEBUG] db_storage: 保存文章成功: 新华网视评｜警服不是流量道具 (ID: 348)
2026-02-18 19:33:06,819 [DEBUG] db_storage: 保存文章成功: 新华网视评｜AI岂能成为形式主义的“帮手” (ID: 349)
2026-02-18 19:33:06,822 [DEBUG] db_storage: 保存文章成功: 新华网视评｜别给骗子进入家长群大开方便之门 (ID: 350)
2026-02-18 19:33:06,839 [DEBUG] db_storage: 保存文章成功: 新华网视评｜任性冒险浪费公共资源，该罚！ (ID: 351)
2026-02-18 19:33:06,841 [DEBUG] db_storage: 保存文章成功: 新华网视评｜防范“育儿补贴”骗局，需要工作透明度 (ID: 352)
2026-02-18 19:33:06,844 [DEBUG] db_storage: 保存文章成功: 新华网视评｜认证竟靠“3C贴纸”，在糊弄谁？ (ID: 353)
2026-02-18 19:33:06,846 [DEBUG] db_storage: 保存文章成功: 新华网视评｜坚决打击汛情谣言 (ID: 354)
2026-02-18 19:33:06,871 [DEBUG] db_storage: 保存文章成功: 新华网视评｜“警情通报”也敢伪造？必须严惩 (ID: 355)
2026-02-18 19:33:06,886 [DEBUG] db_storage: 保存文章成功: 新华网视评｜期待外卖市场构建良性竞争格局 (ID: 356)
2026-02-18 19:33:06,888 [DEBUG] db_storage: 保存文章成功: 新华网视评｜收费“向上取整”涉嫌变相加价 (ID: 357)
2026-02-18 19:33:06,916 [DEBUG] db_storage: 保存文章成功: 新华网视评｜青春之美无需太多“修整” (ID: 358)
2026-02-18 19:33:06,919 [DEBUG] db_storage: 保存文章成功: 新华网视评｜恶意炮制“人猴大战”，用心险恶 (ID: 359)
2026-02-18 19:33:06,933 [DEBUG] db_storage: 保存文章成功: 新华网视评｜官方通报贵在及时 (ID: 360)
2026-02-18 19:33:06,936 [DEBUG] db_storage: 保存文章成功: 新华网视评｜坚决打击网络谣言 (ID: 361)
2026-02-18 19:33:06,938 [DEBUG] db_storage: 保存文章成功: 新华网视评｜警惕“吃谷”低龄化 (ID: 362)
2026-02-18 19:33:06,940 [DEBUG] db_storage: 保存文章成功: 新华网视评｜谁给伪专家开了“绿灯”？ (ID: 363)
2026-02-18 19:33:06,962 [DEBUG] db_storage: 保存文章成功: 新华网视评｜大学校园向公众开放咋就这么难？ (ID: 364)
2026-02-18 19:33:06,966 [DEBUG] db_storage: 保存文章成功: 新华网视评｜严肃的抗战历史岂容恶搞 (ID: 365)
2026-02-18 19:33:06,993 [DEBUG] db_storage: 保存文章成功: 新华网视评｜制止无底线吃播，平台责无旁贷 (ID: 366)
2026-02-18 19:33:07,010 [DEBUG] db_storage: 保存文章成功: 新华网视评｜检测报告岂能沦为三无产品的“遮羞布” (ID: 367)
2026-02-18 19:33:07,012 [DEBUG] db_storage: 保存文章成功: 新华网视评｜我们需要怎样的创新，新华网连发三评 (ID: 368)
2026-02-18 19:33:07,025 [DEBUG] db_storage: 保存文章成功: 新华网视评｜“谁红蹭谁”的闹剧该终结了！ (ID: 369)
2026-02-18 19:33:07,041 [DEBUG] db_storage: 保存文章成功: 新华网视评｜期待奇迹，也要校准预期 (ID: 370)
2026-02-18 19:33:07,057 [DEBUG] db_storage: 保存文章成功: 新华网视评｜赞美成功，还需宽容失败 (ID: 371)
2026-02-18 19:33:07,061 [DEBUG] db_storage: 保存文章成功: 新华网视评｜等待观望，不如放手快干 (ID: 372)
2026-02-18 19:33:07,064 [DEBUG] db_storage: 保存文章成功: 新华网视评｜杜绝“毒玩具”，这事得抓紧 (ID: 373)
2026-02-18 19:33:07,068 [DEBUG] db_storage: 保存文章成功: 新华网视评｜莫拿商标文字游戏套路消费者 (ID: 374)
2026-02-18 19:33:07,088 [DEBUG] db_storage: 保存文章成功: 新华网视评｜攫取用户隐私终将玩火自焚 (ID: 375)
2026-02-18 19:33:07,091 [DEBUG] db_storage: 保存文章成功: 新华网视评｜任何创新设计，不能偏离安全底线 (ID: 376)
2026-02-18 19:33:07,094 [DEBUG] db_storage: 保存文章成功: 新华网视评｜带“病”的健康证怎能守护健康 (ID: 377)
2026-02-18 19:33:07,097 [DEBUG] db_storage: 保存文章成功: 新华网视评｜如此明目张胆“吃拿卡要”，谁给的胆子？ (ID: 378)
2026-02-18 19:33:07,100 [DEBUG] db_storage: 保存文章成功: 新华网视评｜叫停75万买299元路由器，还欠公众一个说法 (ID: 379)
2026-02-18 19:33:07,118 [DEBUG] db_storage: 保存文章成功: 新华网视评｜新职业新工种，开启无限可能！ (ID: 380)
2026-02-18 19:33:07,121 [DEBUG] db_storage: 保存文章成功: 新华网视评｜无人机任性“黑飞” 为何管不住？ (ID: 381)
2026-02-18 19:33:07,148 [DEBUG] db_storage: 保存文章成功: 新华网视评｜决不给“面子工程”留面子 (ID: 382)
2026-02-18 19:33:07,163 [DEBUG] db_storage: 保存文章成功: 新华网视评｜既要“看家神器”，更要邻里和谐 (ID: 383)
2026-02-18 19:33:07,179 [DEBUG] db_storage: 保存文章成功: 新华网视评｜堵住公共摄像头“数据祼奔”的漏洞 (ID: 384)
2026-02-18 19:33:07,195 [DEBUG] db_storage: 保存文章成功: 新华网视评｜为监控摄像头安装划定“红线” (ID: 385)
2026-02-18 19:33:07,199 [DEBUG] db_storage: 保存文章成功: 新华网视评｜权力岂能如此任性 (ID: 386)
2026-02-18 19:33:07,202 [DEBUG] db_storage: 保存文章成功: 新华网视评丨整治基层形式主义，新华网连发三评 (ID: 387)
2026-02-18 19:33:07,226 [DEBUG] db_storage: 保存文章成功: 新华网视评｜坚持“零容忍”，让卫生巾真正“卫生”起来 (ID: 388)
2026-02-18 19:33:07,230 [DEBUG] db_storage: 保存文章成功: 新华网视评｜让“零添加”凉凉只是一个开始 (ID: 389)
2026-02-18 19:33:07,232 [DEBUG] db_storage: 保存文章成功: 新华网视评｜别让基层成为“无关摊派”的“背锅侠” (ID: 390)
2026-02-18 19:33:07,235 [DEBUG] db_storage: 保存文章成功: 新华网视评｜从源头上减少滥发牌子行为 (ID: 391)
2026-02-18 19:33:07,237 [DEBUG] db_storage: 保存文章成功: 新华网视评｜调研何必“层层陪同” (ID: 392)
2026-02-18 19:33:07,239 [DEBUG] db_storage: 保存文章成功: 新华网视评｜当“开盒”“反开盒”成常态，还有谁能一笑而过？ (ID: 393)
2026-02-18 19:33:07,241 [DEBUG] db_storage: 保存文章成功: 新华网视评｜民宿何以成为“幽灵”？ (ID: 394)
2026-02-18 19:33:07,244 [DEBUG] db_storage: 保存文章成功: 新华网视评｜岂能让“滤镜”产品拉低游客体验 (ID: 395)
2026-02-18 19:33:07,246 [DEBUG] db_storage: 保存文章成功: 新华网视评｜刹一刹加价选座这个“行业惯例” (ID: 396)
2026-02-18 19:33:07,248 [DEBUG] db_storage: 保存文章成功: 新华网视评｜“内卷式”竞争，“卷”不出未来！ (ID: 397)
2026-02-18 19:33:07,250 [DEBUG] db_storage: 保存文章成功: 新华网视评｜“AI换脸”不能想换谁就换谁 (ID: 398)
2026-02-18 19:33:07,251 [DEBUG] db_storage: 保存文章成功: 新华网视评｜两会in话题：AI跑得这么快，人才咋跟上？ (ID: 399)
2026-02-18 19:33:07,253 [DEBUG] db_storage: 保存文章成功: 新华网视评｜给网课“套娃式”收费“解套” (ID: 400)
2026-02-18 19:33:07,256 [DEBUG] db_storage: 保存文章成功: 新华网视评｜“考试包过”涉嫌违法 (ID: 401)
2026-02-18 19:33:07,258 [DEBUG] db_storage: 保存文章成功: 新华网视评｜警惕以新技术贩卖焦虑 (ID: 402)
2026-02-18 19:33:07,260 [DEBUG] db_storage: 保存文章成功: 新华网视评｜绝不容许“神医”“神药”借“山寨报刊”下乡害人 (ID: 403)
2026-02-18 19:33:07,262 [DEBUG] db_storage: 保存文章成功: 新华网视评｜中国动画电影何以踩上“风火轮”？ (ID: 404)
2026-02-18 19:33:07,288 [DEBUG] db_storage: 保存文章成功: 新华网视评｜痛别“国之脊梁”，他值得永远铭记 (ID: 405)
2026-02-18 19:33:07,291 [DEBUG] db_storage: 保存文章成功: 新华网视评｜新春消费“燃”力十足！ (ID: 406)
2026-02-18 19:33:07,318 [DEBUG] db_storage: 保存文章成功: 新华网视评｜“村咖”热销，热的是向往的生活 (ID: 407)
2026-02-18 19:33:07,321 [DEBUG] db_storage: 保存文章成功: 新华网视评｜“村跑”火热，跑出特色、跑进人心 (ID: 408)
2026-02-18 19:33:07,323 [DEBUG] db_storage: 保存文章成功: 新华网视评｜“村晚”圈粉，又土又快乐 (ID: 409)
2026-02-18 19:33:07,349 [DEBUG] db_storage: 保存文章成功: 新华网视评｜“新春战袍”秀出文化自信 (ID: 410)
2026-02-18 19:33:07,365 [DEBUG] db_storage: 保存文章成功: 新华网视评｜对跨境电诈就是要追着打 (ID: 411)
2026-02-18 19:33:07,368 [DEBUG] db_storage: 保存文章成功: 新华网视评丨给年货加点“中国新特产” (ID: 412)
2026-02-18 19:33:07,370 [DEBUG] db_storage: 保存文章成功: 新华网视评｜这种写真就是让个人信息“裸奔” (ID: 413)
2026-02-18 19:33:07,396 [DEBUG] db_storage: 保存文章成功: 新华网视评｜让压岁钱回归年俗祝福本真 (ID: 414)
2026-02-18 19:33:07,399 [DEBUG] db_storage: 保存文章成功: 新华网视评丨岂能让“黄牛”截胡消费券 (ID: 415)
2026-02-18 19:33:07,412 [DEBUG] db_storage: 保存文章成功: 新华网视评｜“智慧停车”不能有了便利忘了安全 (ID: 416)
2026-02-18 19:33:07,414 [DEBUG] db_storage: 保存文章成功: 新华网视评｜春运“上分” 新的一年排面拉满！ (ID: 417)
2026-02-18 19:33:07,427 [DEBUG] db_storage: 保存文章成功: 新华网视评丨电子处方不能有了方便忘了安全 (ID: 418)
2026-02-18 19:33:07,444 [DEBUG] db_storage: 保存文章成功: 新华网视评｜陌生快递，当心有诈！ (ID: 419)
2026-02-18 19:33:07,447 [DEBUG] db_storage: 保存文章成功: 新华网视评｜2024年度热点话题揭晓 (ID: 420)
2026-02-18 19:33:07,450 [DEBUG] db_storage: 保存文章成功: 新华网视评丨莫让“吃谷”变味 (ID: 421)
2026-02-18 19:33:07,452 [DEBUG] db_storage: 保存文章成功: 新华网视评丨“被直播”要勇于维权 (ID: 422)
2026-02-18 19:33:07,455 [DEBUG] db_storage: 保存文章成功: 新华网视评丨“第三方测评”也该“测评”一下 (ID: 423)
2026-02-18 19:33:07,458 [DEBUG] db_storage: 保存文章成功: 新华网视评丨AI客服不能只会“打太极” (ID: 424)
2026-02-18 19:33:07,461 [DEBUG] db_storage: 保存文章成功: 新华网视评丨AI技术不应用来造谣生事 (ID: 425)
2026-02-18 19:33:07,464 [DEBUG] db_storage: 保存文章成功: 新华网视评丨不能让“假羽绒”寒身更寒心 (ID: 426)
2026-02-18 19:33:07,491 [DEBUG] db_storage: 保存文章成功: 新华网视评丨“先用后付”不能让人莫名其妙 (ID: 427)
2026-02-18 19:33:07,507 [DEBUG] db_storage: 保存文章成功: 新华网视评丨女理发师爆火戳中了消费痛点 (ID: 428)
2026-02-18 19:33:07,522 [DEBUG] db_storage: 保存文章成功: 新华网视评丨纠正幼儿园“抢跑”的重要一步 (ID: 429)
2026-02-18 19:33:07,536 [DEBUG] db_storage: 保存文章成功: 新华网视评丨坚决打击消防器材造假 (ID: 430)
2026-02-18 19:33:07,539 [DEBUG] db_storage: 保存文章成功: 新华网视评丨治一治那些恼人的弹窗链接 (ID: 431)
2026-02-18 19:33:07,552 [DEBUG] db_storage: 保存文章成功: 新华网视评丨新华网三连评，警惕“网购套路” (ID: 432)
2026-02-18 19:33:07,555 [DEBUG] db_storage: 保存文章成功: 新华网视评丨不可轻信“买家秀” (ID: 433)
2026-02-18 19:33:07,558 [DEBUG] db_storage: 保存文章成功: 新华网视评丨不能被动被大数据“算计” (ID: 434)
2026-02-18 19:33:07,582 [DEBUG] db_storage: 保存文章成功: 新华网视评丨不被所谓“低价”误导 (ID: 435)
2026-02-18 19:33:07,598 [DEBUG] db_storage: 保存文章成功: 新华网视评｜充电桩成“价格刺客”，该管管了！ (ID: 436)
2026-02-18 19:33:07,614 [DEBUG] db_storage: 保存文章成功: 新华网视评｜“高空抛物判死刑”是一次震慑 (ID: 437)
2026-02-18 19:33:07,617 [DEBUG] db_storage: 保存文章成功: 新华网视评｜新华网三连评，持续关注网络坑老骗老现象 (ID: 438)
2026-02-18 19:33:07,619 [DEBUG] db_storage: 保存文章成功: 新华网视评丨为这支“国家队”点赞 (ID: 439)
2026-02-18 19:33:07,645 [DEBUG] db_storage: 保存文章成功: 新华网视评丨管一管专坑老人的“养生骗局” (ID: 440)
2026-02-18 19:33:07,660 [DEBUG] db_storage: 保存文章成功: 新华网视评丨老年人沉迷霸总短剧，不容忽视 (ID: 441)
2026-02-18 19:33:07,675 [DEBUG] db_storage: 保存文章成功: 新华网视评丨网络直播间岂能成“坑老间” (ID: 442)
2026-02-18 19:33:07,677 [DEBUG] db_storage: 保存文章成功: 新华网视评丨乐见年轻人“整顿”婚礼 (ID: 443)
2026-02-18 19:33:07,680 [DEBUG] db_storage: 保存文章成功: 新华网视评丨出游不能太任性 (ID: 444)
2026-02-18 19:33:07,708 [DEBUG] db_storage: 保存文章成功: 新华网视评丨英雄，照亮民族前行路 (ID: 445)
2026-02-18 19:33:07,711 [DEBUG] db_storage: 保存文章成功: 新华网视评丨斩断偷拍黑产，须用重拳 (ID: 446)
2026-02-18 19:33:07,714 [DEBUG] db_storage: 保存文章成功: 新华网视评丨景区玩“套路”，赚了快钱失了人心 (ID: 447)
2026-02-18 19:33:07,738 [DEBUG] db_storage: 保存文章成功: 新华网视评丨自动续费咋能这么“坑” (ID: 448)
2026-02-18 19:33:07,740 [DEBUG] db_storage: 保存文章成功: 新华网视评｜让AI成“帮手”而不是“帮凶” (ID: 449)
2026-02-18 19:33:07,743 [DEBUG] db_storage: 保存文章成功: 新华网视评丨要比“无上限服务”，而不是“无下限流量” (ID: 450)
2026-02-18 19:33:07,747 [DEBUG] db_storage: 保存文章成功: 新华网视评｜新华网三连评，为教师减负松绑 (ID: 451)
2026-02-18 19:33:07,769 [DEBUG] db_storage: 保存文章成功: 新华网视评丨教师不应承担与教育教学无关事项 (ID: 452)
2026-02-18 19:33:07,785 [DEBUG] db_storage: 保存文章成功: 新华网视评丨最好的礼物是让“尊师重教”成为常态 (ID: 453)
2026-02-18 19:33:07,788 [DEBUG] db_storage: 保存文章成功: 新华网视评丨教师的“戒尺”不该如此烫手 (ID: 454)
2026-02-18 19:33:07,791 [DEBUG] db_storage: 保存文章成功: 新华网视评丨整治“人肉开盒”，不妨换个思路 (ID: 455)
2026-02-18 19:33:07,793 [DEBUG] db_storage: 保存文章成功: 新华网视评｜别被“断骨增高”忽悠瘸了 (ID: 456)
2026-02-18 19:33:07,795 [DEBUG] db_storage: 保存文章成功: 新华网视评｜公共道路岂容“暴骑团”横冲直撞 (ID: 457)
2026-02-18 19:33:07,798 [DEBUG] db_storage: 保存文章成功: 新华网视评｜让未成年人远离“盲盒诱惑” (ID: 458)
2026-02-18 19:33:07,800 [DEBUG] db_storage: 保存文章成功: 新华网视评｜对英雄最朴素的致敬 (ID: 459)
2026-02-18 19:33:07,802 [DEBUG] db_storage: 保存文章成功: 新华网视评｜新华网三连评，直指医美乱象 (ID: 460)
2026-02-18 19:33:07,804 [DEBUG] db_storage: 保存文章成功: 新华网视评｜用“容貌焦虑”诱导青少年，必须制止 (ID: 461)
2026-02-18 19:33:07,807 [DEBUG] db_storage: 保存文章成功: 新华网视评｜小心“轻医美”成为风险“重灾区” (ID: 462)
2026-02-18 19:33:07,809 [DEBUG] db_storage: 保存文章成功: 新华网视评｜“黑医美”下沉县乡的苗头不容忽视 (ID: 463)
2026-02-18 19:33:07,811 [DEBUG] db_storage: 保存文章成功: 新华网视评｜恶性“内卷”产生不了世界一流企业 (ID: 464)
2026-02-18 19:33:07,814 [DEBUG] db_storage: 保存文章成功: 新华网视评｜派出所大院开放给群众晒粮，点赞 (ID: 465)
2026-02-18 19:33:07,830 [DEBUG] db_storage: 保存文章成功: 新华网视评｜这一刻，“更团结” (ID: 466)
2026-02-18 19:33:07,833 [DEBUG] db_storage: 保存文章成功: 新华网视评｜这样“带货”，可能会“带祸” (ID: 467)
2026-02-18 19:33:07,835 [DEBUG] db_storage: 保存文章成功: 新华网视评｜“水灵灵”的00后，扛事儿！ (ID: 468)
2026-02-18 19:33:07,837 [DEBUG] db_storage: 保存文章成功: 新华网视评｜新华网三连评，直指农村人居环境整治乱象 (ID: 469)
2026-02-18 19:33:07,839 [DEBUG] db_storage: 保存文章成功: 新华网视评｜点赞！巴黎奥运赛场上的中国突破 (ID: 470)
2026-02-18 19:33:07,841 [DEBUG] db_storage: 保存文章成功: 新华网视评｜这样的“纳凉点”，很有人情味 (ID: 471)
2026-02-18 19:33:07,843 [DEBUG] db_storage: 保存文章成功: 新华网视评｜唯拼搏最可敬 (ID: 472)
2026-02-18 19:33:07,845 [DEBUG] db_storage: 保存文章成功: 新华网视评｜农村人居环境整治不能无视农民意愿 (ID: 473)
2026-02-18 19:33:07,847 [DEBUG] db_storage: 保存文章成功: 新华网视评｜农村人居环境整治不可只要“面子”不顾“里子” (ID: 474)
2026-02-18 19:33:07,849 [DEBUG] db_storage: 保存文章成功: 新华网视评｜农村人居环境整治岂能“千村一面” (ID: 475)
2026-02-18 19:33:07,851 [DEBUG] db_storage: 保存文章成功: 新华网视评｜校园体育设施暑期“不放假”，点赞！ (ID: 476)
2026-02-18 19:33:07,853 [DEBUG] db_storage: 保存文章成功: 新华网视评｜大数据“杀熟”，“杀”掉的是信任 (ID: 477)
2026-02-18 19:33:07,877 [DEBUG] db_storage: 保存文章成功: 新华网视评｜图书馆借还书也能“快递”了，点赞! (ID: 478)
2026-02-18 19:33:07,893 [DEBUG] db_storage: 保存文章成功: 新华网视评｜对这样的“欺诈游”必须重拳出击！ (ID: 479)
2026-02-18 19:33:07,908 [DEBUG] db_storage: 保存文章成功: 新华网视评｜为这一城市管理微创新点赞！ (ID: 480)
2026-02-18 19:33:07,910 [DEBUG] db_storage: 保存文章成功: 新华网视评｜莫让升学宴变成“绑架宴” (ID: 481)
2026-02-18 19:33:07,912 [DEBUG] db_storage: 保存文章成功: 新华网视评｜为博物馆“延时开放”点赞 (ID: 482)
2026-02-18 19:33:07,914 [DEBUG] db_storage: 保存文章成功: 新华网视评｜景区摆渡车宰客，该好好治治了 (ID: 483)
2026-02-18 19:33:07,916 [DEBUG] db_storage: 保存文章成功: 新华网视评｜拒绝暑假“弯道超车”焦虑 (ID: 484)
2026-02-18 19:33:07,919 [DEBUG] db_storage: 保存文章成功: 新华网视评｜研学游别只剩一个“游”字 (ID: 485)
2026-02-18 19:33:07,939 [DEBUG] db_storage: 保存文章成功: 新华网视评｜转变话风就是转变作风 (ID: 486)
2026-02-18 19:33:07,955 [DEBUG] db_storage: 保存文章成功: 新华网视评｜自导自演的假闹剧该“收场”了 (ID: 487)
2026-02-18 19:33:07,959 [DEBUG] db_storage: 保存文章成功: 新华网视评｜对网络“黑嘴”必须重拳出击 (ID: 488)
2026-02-18 19:33:07,962 [DEBUG] db_storage: 保存文章成功: 新华网视评｜靠炫富博流量注定是一条死胡同 (ID: 489)
2026-02-18 19:33:07,964 [DEBUG] db_storage: 保存文章成功: 新华网视评｜以这样的方式谋出圈，只能出丑 (ID: 490)
2026-02-18 19:33:07,967 [DEBUG] db_storage: 保存文章成功: 新华网视评｜连一只鸡都容不下？作风之“病”得治！ (ID: 491)
2026-02-18 19:33:07,970 [DEBUG] db_storage: 保存文章成功: 新华网视评｜警惕高考志愿填报“骗局” (ID: 492)
2026-02-18 19:33:07,972 [DEBUG] db_storage: 保存文章成功: 新华网视评｜真人版“盗墓笔记”？别玩脱了 (ID: 493)
2026-02-18 19:33:07,974 [DEBUG] db_storage: 保存文章成功: 新华网视评｜别拿天热不当回事儿 (ID: 494)
2026-02-18 19:33:07,987 [DEBUG] db_storage: 保存文章成功: 新华网视评｜不合时宜的景区实名预约应退尽退 (ID: 495)
2026-02-18 19:33:07,989 [DEBUG] db_storage: 保存文章成功: 新华网视评｜假公益真圈钱 “支教生意”必须严查 (ID: 496)
2026-02-18 19:33:08,017 [DEBUG] db_storage: 保存文章成功: 新华网视评｜对“环保老赖”要一督到底 (ID: 497)
2026-02-18 19:33:08,020 [DEBUG] db_storage: 保存文章成功: 新华网视评｜孩子个子长了，课桌椅高度怎么还不变？ (ID: 498)
2026-02-18 19:33:08,020 [INFO] db_storage: 批量保存完成: 成功=194, 跳过=0, 失败=0
2026-02-18 19:33:08,020 [INFO] main:   ✓ 完成: 爬取=194, 保存=194, 跳过=0
2026-02-18 19:33:08,020 [INFO] main: 
[人民网评] 开始爬取...
2026-02-18 19:33:08,020 [INFO] spiders: 开始爬取: 人民网评
2026-02-18 19:33:08,020 [DEBUG] spiders: 请求URL: http://opinion.people.com.cn/GB/223228/index.html (尝试 1/3)
2026-02-18 19:33:08,021 [DEBUG] urllib3.connectionpool: Starting new HTTP connection (1): opinion.people.com.cn:80
2026-02-18 19:33:08,203 [DEBUG] urllib3.connectionpool: http://opinion.people.com.cn:80 "GET /GB/223228/index.html HTTP/1.1" 200 6420
2026-02-18 19:33:08,204 [INFO] spiders: 成功获取: http://opinion.people.com.cn/GB/223228/index.html (状态码: 200)
2026-02-18 19:33:08,216 [INFO] spiders: 人民网评 解析到 55 篇文章
2026-02-18 19:33:10,221 [DEBUG] db_storage: 保存文章成功: 人民网评：新春问暖见初心，民生烟火最动人 (ID: 499)
2026-02-18 19:33:10,224 [DEBUG] db_storage: 保存文章成功: 每一个投资创业者都是营商环境的检验员、宣传员 (ID: 500)
2026-02-18 19:33:10,248 [DEBUG] db_storage: 保存文章成功: 人民网评：推动儿科医疗资源下沉 精准对接群众需求 (ID: 501)
2026-02-18 19:33:10,263 [DEBUG] db_storage: 保存文章成功: 人民网评：日本需要“大智慧”，绝非“小聪明” (ID: 502)
2026-02-18 19:33:10,266 [DEBUG] db_storage: 保存文章成功: 人民网评：推动“汗水农业”向“智慧农业”转型升级 (ID: 503)
2026-02-18 19:33:10,280 [DEBUG] db_storage: 保存文章成功: 人民网评：守牢安全防线 让新春更祥和 (ID: 504)
2026-02-18 19:33:10,294 [DEBUG] db_storage: 保存文章成功: 人民网评：日本内政分裂加剧，用向外转嫁掩盖无力 (ID: 505)
2026-02-18 19:33:10,311 [DEBUG] db_storage: 保存文章成功: 人民网评：从“有屋住”到“住得好”，因地制宜建设和美乡村 (ID: 506)
2026-02-18 19:33:10,326 [DEBUG] db_storage: 保存文章成功: 人民网评：高市妄动冒进，日本失信周边 (ID: 507)
2026-02-18 19:33:10,342 [DEBUG] db_storage: 保存文章成功: 人民网评：精准帮扶常态化，把资源用在刀刃上 (ID: 508)
2026-02-18 19:33:10,358 [DEBUG] db_storage: 保存文章成功: 人民网评：粮食安全没有“休止符” (ID: 509)
2026-02-18 19:33:10,373 [DEBUG] db_storage: 保存文章成功: 人民网评：让更多残疾人“好就业、就好业” (ID: 510)
2026-02-18 19:33:10,389 [DEBUG] db_storage: 保存文章成功: 人民网评：让“地球之肾”永葆活力 (ID: 511)
2026-02-18 19:33:10,404 [DEBUG] db_storage: 保存文章成功: 人民网评：小视角映射大时代，走基层凝聚奋进伟力 (ID: 512)
2026-02-18 19:33:10,419 [DEBUG] db_storage: 保存文章成功: 人民网评：司法精准发力，全链条打击毒品犯罪 (ID: 513)
2026-02-18 19:33:10,435 [DEBUG] db_storage: 保存文章成功: 人民网评：呈现活力中国，走基层“新”字当先 (ID: 514)
2026-02-18 19:33:10,450 [DEBUG] db_storage: 保存文章成功: 人民网评：新春走基层，听真话察真情研究真问题 (ID: 515)
2026-02-18 19:33:10,453 [DEBUG] db_storage: 保存文章成功: 人民网评：宝可梦，为何总是明知故犯？ (ID: 516)
2026-02-18 19:33:10,467 [DEBUG] db_storage: 保存文章成功: 人民网评：构建适配新时代医药产业发展的法治框架 (ID: 517)
2026-02-18 19:33:10,469 [DEBUG] db_storage: 保存文章成功: 人民网评：该为的必须为、能为的努力为、不该为的决不为 (ID: 518)
2026-02-18 19:33:10,471 [DEBUG] db_storage: 保存文章成功: 人民网评：既明白是什么，又明白为什么、怎么做 (ID: 519)
2026-02-18 19:33:10,498 [DEBUG] db_storage: 保存文章成功: 人民网评：让农民工群体过好年稳好业 (ID: 520)
2026-02-18 19:33:10,501 [DEBUG] db_storage: 保存文章成功: 人民网评：煤矸石铺路，水源地岂能如此“图方便”！ (ID: 521)
2026-02-18 19:33:10,515 [DEBUG] db_storage: 保存文章成功: 人民网评：要以全局视野领会全会精神 (ID: 522)
2026-02-18 19:33:10,518 [DEBUG] db_storage: 保存文章成功: 人民网评：送岗更送暖，托举困难群体就业 (ID: 523)
2026-02-18 19:33:10,545 [DEBUG] db_storage: 保存文章成功: 人民网评：廊涿干渠验收的“马拉松”何时能休？ (ID: 524)
2026-02-18 19:33:10,560 [DEBUG] db_storage: 保存文章成功: 人民网评：从"量"入"质"，知识产权赋能创新发展 (ID: 525)
2026-02-18 19:33:10,577 [DEBUG] db_storage: 保存文章成功: 人民网评：稳就业强保障，以民生温度筑发展根基 (ID: 526)
2026-02-18 19:33:10,592 [DEBUG] db_storage: 保存文章成功: 人民网评：安全生产是企业运营的“基本盘” (ID: 527)
2026-02-18 19:33:10,608 [DEBUG] db_storage: 保存文章成功: 人民网评：全力答好春运考卷 (ID: 528)
2026-02-18 19:33:10,624 [DEBUG] db_storage: 保存文章成功: 人民网评：中国“含绿量”持续转化为“含金量” (ID: 529)
2026-02-18 19:33:10,640 [DEBUG] db_storage: 保存文章成功: 人民网评：以更高标准、更实举措推进全面从严治党 (ID: 530)
2026-02-18 19:33:10,656 [DEBUG] db_storage: 保存文章成功: 人民网评：以反垄断为切入口，助平台回归服务本质 (ID: 531)
2026-02-18 19:33:10,674 [DEBUG] db_storage: 保存文章成功: 人民网评：农业根基更稳、底色更绿 (ID: 532)
2026-02-18 19:33:10,687 [DEBUG] db_storage: 保存文章成功: 人民网评：好药新药加速惠及百姓 健康中国根基更牢 (ID: 533)
2026-02-18 19:33:10,703 [DEBUG] db_storage: 保存文章成功: 人民网评：拧紧生产“安全阀” (ID: 534)
2026-02-18 19:33:10,706 [DEBUG] db_storage: 保存文章成功: 人民网评：十年大江焕颜，谱写生态与发展共赢新篇章 (ID: 535)
2026-02-18 19:33:10,708 [DEBUG] db_storage: 保存文章成功: 人民网评：以“全链条责任”织密冬春季防灾减灾安全网 (ID: 536)
2026-02-18 19:33:10,735 [DEBUG] db_storage: 保存文章成功: 人民网评：热气腾腾的生活，蒸蒸日上的中国 (ID: 537)
2026-02-18 19:33:10,739 [DEBUG] db_storage: 保存文章成功: 人民网评：中国乡村的未来，希望无限！ (ID: 538)
2026-02-18 19:33:10,743 [DEBUG] db_storage: 保存文章成功: 人民网评：让学前学籍切实守护好孩子们的成长 (ID: 539)
2026-02-18 19:33:10,765 [DEBUG] db_storage: 保存文章成功: 人民网评：坚定信心、用好优势、应对挑战 (ID: 540)
2026-02-18 19:33:10,781 [DEBUG] db_storage: 保存文章成功: 人民网评：总有一种力量让我们向前一步、再一步 (ID: 541)
2026-02-18 19:33:10,797 [DEBUG] db_storage: 保存文章成功: 人民网评：让每个人在AI时代都能找到自我定位 (ID: 542)
2026-02-18 19:33:10,811 [DEBUG] db_storage: 保存文章成功: 人民网评：与“Z世代“一起重塑经济未来 (ID: 543)
2026-02-18 19:33:10,827 [DEBUG] db_storage: 保存文章成功: 人民网评：保护南极，立在当下、利在长远 (ID: 544)
2026-02-18 19:33:10,842 [DEBUG] db_storage: 保存文章成功: 人民网评：从“惩戒”到“修复”，信用治理更精准 (ID: 545)
2026-02-18 19:33:10,857 [DEBUG] db_storage: 保存文章成功: 人民网评：持续加码医保投入 夯实健康中国 (ID: 546)
2026-02-18 19:33:10,873 [DEBUG] db_storage: 保存文章成功: 人民网评：以法治之力涵养书香中国 (ID: 547)
2026-02-18 19:33:10,890 [DEBUG] db_storage: 保存文章成功: 人民网评：不能忘、不敢忘、不会忘！ (ID: 548)
2026-02-18 19:33:10,905 [DEBUG] db_storage: 保存文章成功: 青春华章｜人民网评：让蓝色大海成为金色聚宝盆 (ID: 549)
2026-02-18 19:33:10,922 [DEBUG] db_storage: 保存文章成功: 青春华章｜人民网评：练就向海图强的“超能力” (ID: 550)
2026-02-18 19:33:10,936 [DEBUG] db_storage: 保存文章成功: 中国经济“向新力”｜创新药迎来“量质双升” (ID: 551)
2026-02-18 19:33:10,952 [DEBUG] db_storage: 保存文章成功: 人民网评：以司法力量护航民营经济行稳致远 (ID: 552)
2026-02-18 19:33:10,968 [DEBUG] db_storage: 保存文章成功: 青春华章｜人民网评：勇立潮头担使命，谋海济国写青春 (ID: 553)
2026-02-18 19:33:10,968 [INFO] db_storage: 批量保存完成: 成功=55, 跳过=0, 失败=0
2026-02-18 19:33:10,969 [INFO] main:   ✓ 完成: 爬取=55, 保存=55, 跳过=0
2026-02-18 19:33:10,969 [INFO] main: ------------------------------------------------------------
2026-02-18 19:33:10,969 [INFO] main: 
============================================================
2026-02-18 19:33:10,969 [INFO] main: 数据库统计
2026-02-18 19:33:10,969 [INFO] main: ============================================================
2026-02-18 19:33:10,971 [INFO] main: 文章总数: 249
2026-02-18 19:33:10,974 [INFO] main: 
按来源统计:
2026-02-18 19:33:10,974 [INFO] main:   新华网: 194 篇
2026-02-18 19:33:10,974 [INFO] main:   人民网: 55 篇
2026-02-18 19:33:10,977 [INFO] main: 
最新文章:
2026-02-18 19:33:10,977 [INFO] main:   - 新华网视评｜电动自行车上楼入户，除了“防”还得“疏”... (2026-01-02)
2026-02-18 19:33:10,977 [INFO] main:   - 青春华章｜人民网评：勇立潮头担使命，谋海济国写青春... (2025-12-09)
2026-02-18 19:33:10,977 [INFO] main:   - 人民网评：以司法力量护航民营经济行稳致远... (2025-12-09)
2026-02-18 19:33:10,977 [INFO] main:   - 中国经济“向新力”｜创新药迎来“量质双升”... (2025-12-10)
2026-02-18 19:33:10,977 [INFO] main:   - 青春华章｜人民网评：练就向海图强的“超能力”... (2025-12-10)
2026-02-18 19:33:10,977 [INFO] __main__: 
================================================================================
2026-02-18 19:33:10,978 [INFO] __main__: 定时爬取任务完成
2026-02-18 19:33:10,978 [INFO] __main__: ================================================================================
2026-02-18 19:33:10,978 [INFO] __main__: 开始时间: 2026-02-18 19:32:57
2026-02-18 19:33:10,978 [INFO] __main__: 结束时间: 2026-02-18 19:33:10
2026-02-18 19:33:10,978 [INFO] __main__: 耗时: 13.23 秒
2026-02-18 19:33:10,978 [INFO] __main__: 总爬取: 249 篇
2026-02-18 19:33:10,978 [INFO] __main__: 成功保存: 249 篇
2026-02-18 19:33:10,978 [INFO] __main__: 跳过重复: 0 篇
2026-02-18 19:33:10,978 [INFO] __main__: 
各数据源:
2026-02-18 19:33:10,978 [INFO] __main__:   新华网-视评: 爬取=194, 保存=194
2026-02-18 19:33:10,978 [INFO] __main__:   人民网评: 爬取=55, 保存=55
2026-02-18 19:33:10,979 [INFO] __main__: ================================================================================
2026-02-18 19:33:10,979 [INFO] __main__: 任务状态重置为空闲

2026-02-18 21:04:57,052 [INFO] __main__: 初始化爬虫实例...
2026-02-18 21:04:57,052 [INFO] db_storage: 数据库管理器初始化完成
2026-02-18 21:04:57,052 [INFO] main: ============================================================
2026-02-18 21:04:57,052 [INFO] main: 研时爬虫系统启动
2026-02-18 21:04:57,053 [INFO] main: ============================================================
2026-02-18 21:04:57,053 [INFO] main: 测试数据库连接...
2026-02-18 21:04:57,069 [INFO] db_storage: 数据库连接测试成功
2026-02-18 21:04:57,069 [INFO] main: ✓ 数据库连接正常
2026-02-18 21:04:57,069 [INFO] main: 初始化爬虫实例...
2026-02-18 21:04:57,069 [INFO] spiders: 初始化爬虫: 新华网-首页
2026-02-18 21:04:57,069 [INFO] main: ✓ 初始化爬虫: 新华网-首页
2026-02-18 21:04:57,070 [INFO] spiders: 初始化爬虫: 新华网-会议活动
2026-02-18 21:04:57,070 [INFO] main: ✓ 初始化爬虫: 新华网-会议活动
2026-02-18 21:04:57,070 [INFO] spiders: 初始化爬虫: 新华网-视评
2026-02-18 21:04:57,070 [INFO] main: ✓ 初始化爬虫: 新华网-视评
2026-02-18 21:04:57,070 [INFO] spiders: 初始化爬虫: 人民网评
2026-02-18 21:04:57,071 [INFO] main: ✓ 初始化爬虫: 人民网评
2026-02-18 21:04:57,071 [INFO] __main__: 成功初始化 4 个爬虫
2026-02-18 21:04:57,071 [INFO] __main__: 立即执行模式: 手动触发爬取任务
2026-02-18 21:04:57,071 [INFO] __main__: ================================================================================
2026-02-18 21:04:57,071 [INFO] __main__: 定时爬取任务开始: 2026-02-18 21:04:57
2026-02-18 21:04:57,071 [INFO] __main__: ================================================================================
2026-02-18 21:04:57,071 [INFO] main: 开始爬取所有数据源...
2026-02-18 21:04:57,072 [INFO] main: ------------------------------------------------------------
2026-02-18 21:04:57,072 [INFO] main: 
[新华网-首页] 开始爬取...
2026-02-18 21:04:57,072 [INFO] spiders: 开始爬取: 新华网-首页
2026-02-18 21:04:57,072 [DEBUG] spiders: 请求URL: http://www.news.cn/politics/leaders/index.htm (尝试 1/3)
2026-02-18 21:04:57,073 [DEBUG] urllib3.connectionpool: Starting new HTTP connection (1): www.news.cn:80
2026-02-18 21:04:57,270 [DEBUG] urllib3.connectionpool: http://www.news.cn:80 "GET /politics/leaders/index.htm HTTP/1.1" 200 4779
2026-02-18 21:04:57,271 [INFO] spiders: 成功获取: http://www.news.cn/politics/leaders/index.htm (状态码: 200)
2026-02-18 21:04:57,279 [INFO] spiders: 新华网-首页 解析到 0 篇文章
2026-02-18 21:04:59,280 [INFO] main:   未获取到文章
2026-02-18 21:04:59,280 [INFO] main: 
[新华网-会议活动] 开始爬取...
2026-02-18 21:04:59,280 [INFO] spiders: 开始爬取: 新华网-会议活动
2026-02-18 21:04:59,280 [DEBUG] spiders: 请求URL: http://www.news.cn/politics/leaders/cpc20/hyhd.htm (尝试 1/3)
2026-02-18 21:04:59,281 [DEBUG] urllib3.connectionpool: Starting new HTTP connection (1): www.news.cn:80
2026-02-18 21:04:59,437 [DEBUG] urllib3.connectionpool: http://www.news.cn:80 "GET /politics/leaders/cpc20/hyhd.htm HTTP/1.1" 404 1818
2026-02-18 21:04:59,438 [ERROR] spiders: 请求失败: http://www.news.cn/politics/leaders/cpc20/hyhd.htm - 404 Client Error: Not Found for url: http://www.news.cn/politics/leaders/cpc20/hyhd.htm
2026-02-18 21:05:01,438 [DEBUG] spiders: 请求URL: http://www.news.cn/politics/leaders/cpc20/hyhd.htm (尝试 2/3)
2026-02-18 21:05:01,457 [DEBUG] urllib3.connectionpool: http://www.news.cn:80 "GET /politics/leaders/cpc20/hyhd.htm HTTP/1.1" 404 1818
2026-02-18 21:05:01,457 [ERROR] spiders: 请求失败: http://www.news.cn/politics/leaders/cpc20/hyhd.htm - 404 Client Error: Not Found for url: http://www.news.cn/politics/leaders/cpc20/hyhd.htm
2026-02-18 21:05:03,458 [DEBUG] spiders: 请求URL: http://www.news.cn/politics/leaders/cpc20/hyhd.htm (尝试 3/3)
2026-02-18 21:05:03,473 [DEBUG] urllib3.connectionpool: http://www.news.cn:80 "GET /politics/leaders/cpc20/hyhd.htm HTTP/1.1" 404 1818
2026-02-18 21:05:03,473 [ERROR] spiders: 请求失败: http://www.news.cn/politics/leaders/cpc20/hyhd.htm - 404 Client Error: Not Found for url: http://www.news.cn/politics/leaders/cpc20/hyhd.htm
2026-02-18 21:05:03,474 [ERROR] spiders: 获取 新华网-会议活动 列表失败
2026-02-18 21:05:03,474 [INFO] main:   未获取到文章
2026-02-18 21:05:03,474 [INFO] main: 
[新华网-视评] 开始爬取...
2026-02-18 21:05:03,474 [INFO] spiders: 开始爬取: 新华网-视评
2026-02-18 21:05:03,474 [DEBUG] spiders: 请求URL: https://www.news.cn/comments/zt/xhwsp/index.html (尝试 1/3)
2026-02-18 21:05:03,475 [DEBUG] urllib3.connectionpool: Starting new HTTPS connection (1): www.news.cn:443
2026-02-18 21:05:04,224 [DEBUG] urllib3.connectionpool: https://www.news.cn:443 "GET /comments/zt/xhwsp/index.html HTTP/1.1" 200 64259
2026-02-18 21:05:04,239 [INFO] spiders: 成功获取: https://www.news.cn/comments/zt/xhwsp/index.html (状态码: 200)
2026-02-18 21:05:04,280 [INFO] spiders: 新华网-视评 解析到 194 篇文章
2026-02-18 21:05:06,306 [DEBUG] db_storage: 保存文章成功: 新华网视评丨这样的暖心服务，可以更多些 (ID: 1306)
2026-02-18 21:05:06,309 [DEBUG] db_storage: 保存文章成功: 新华网视评丨这个“网红”记大功，追授优秀共产党员称号 (ID: 1307)
2026-02-18 21:05:06,311 [DEBUG] db_storage: 保存文章成功: 新华网视评丨厘清家校权责边界 (ID: 1308)
2026-02-18 21:05:06,313 [DEBUG] db_storage: 保存文章成功: 新华网视评丨家长当好家长 老师做好老师 (ID: 1309)
2026-02-18 21:05:06,315 [DEBUG] db_storage: 保存文章成功: 新华网视评丨春运出行，这些谣言必须当心 (ID: 1310)
2026-02-18 21:05:06,317 [DEBUG] db_storage: 保存文章成功: 新华网视评丨致敬这些平凡而伟大的守护 (ID: 1311)
2026-02-18 21:05:06,318 [DEBUG] db_storage: 保存文章成功: 新华网视评丨这三起典型案例，都暴露出同一个问题 (ID: 1312)
2026-02-18 21:05:06,320 [DEBUG] db_storage: 保存文章成功: 新华网视评丨一个行业协会，真的需要这么多副会长吗？ (ID: 1313)
2026-02-18 21:05:06,322 [DEBUG] db_storage: 保存文章成功: 新华网视评丨平台越大，越要守规矩有担当 (ID: 1314)
2026-02-18 21:05:06,324 [DEBUG] db_storage: 保存文章成功: 新华网视评丨司法公开不能“匿名”，责任担当不可“隐身” (ID: 1315)
2026-02-18 21:05:06,326 [DEBUG] db_storage: 保存文章成功: 新华网视评丨敬畏自然，敬畏生命 (ID: 1316)
2026-02-18 21:05:06,353 [DEBUG] db_storage: 保存文章成功: 新华网视评丨“宝华月季”，因何而美？ (ID: 1317)
2026-02-18 21:05:06,355 [DEBUG] db_storage: 保存文章成功: 新华网视评｜易燃易爆的氢气球，并非浪漫的选择 (ID: 1318)
2026-02-18 21:05:06,368 [DEBUG] db_storage: 保存文章成功: 新华网视评｜电动自行车上楼入户，除了“防”还得“疏” (ID: 1319)
2026-02-18 21:05:06,385 [DEBUG] db_storage: 保存文章成功: 新华网视评｜警惕这些年底诈骗新招 (ID: 1320)
2026-02-18 21:05:06,400 [DEBUG] db_storage: 保存文章成功: 新华网视评｜给幼儿园乱收费戴上“紧箍咒” (ID: 1321)
2026-02-18 21:05:06,417 [DEBUG] db_storage: 保存文章成功: 新华网视评｜别让“闹心事”透支航司口碑 (ID: 1322)
2026-02-18 21:05:06,419 [DEBUG] db_storage: 保存文章成功: 新华网视评｜让食物发挥“余热”，点赞！ (ID: 1323)
2026-02-18 21:05:06,432 [DEBUG] db_storage: 保存文章成功: 新华网视评｜儿童设施不能只注重美观 (ID: 1324)
2026-02-18 21:05:06,447 [DEBUG] db_storage: 保存文章成功: 新华网视评｜城市更新，无障碍设施也要更新 (ID: 1325)
2026-02-18 21:05:06,463 [DEBUG] db_storage: 保存文章成功: 新华网视评｜公共标识让大家看懂是前提 (ID: 1326)
2026-02-18 21:05:06,480 [DEBUG] db_storage: 保存文章成功: 新华网视评｜善听消费者声音很有必要 (ID: 1327)
2026-02-18 21:05:06,495 [DEBUG] db_storage: 保存文章成功: 新华网视评｜让低俗团播彻底“下线退场” (ID: 1328)
2026-02-18 21:05:06,511 [DEBUG] db_storage: 保存文章成功: 新华网视评｜剜除“摆拍造谣”这颗网络毒瘤 (ID: 1329)
2026-02-18 21:05:06,513 [DEBUG] db_storage: 保存文章成功: 新华网视评丨别让“随口一说”成为扎向企业的“软刀子” (ID: 1330)
2026-02-18 21:05:06,527 [DEBUG] db_storage: 保存文章成功: 新华网视评丨警惕政策一上新谣言就上线 (ID: 1331)
2026-02-18 21:05:06,529 [DEBUG] db_storage: 保存文章成功: 新华网视评丨“免费”谣言引哄抢，这样的闹剧当休矣 (ID: 1332)
2026-02-18 21:05:06,543 [DEBUG] db_storage: 保存文章成功: 新华网视评｜滥用AI模特有可能触碰法律红线 (ID: 1333)
2026-02-18 21:05:06,559 [DEBUG] db_storage: 保存文章成功: 新华网视评｜擅自替商家调价，是一种“霸权”行为 (ID: 1334)
2026-02-18 21:05:06,574 [DEBUG] db_storage: 保存文章成功: 新华网视评｜“管不住”的套路，“够不着”的监管 (ID: 1335)
2026-02-18 21:05:06,591 [DEBUG] db_storage: 保存文章成功: 新华网视评｜拿AI编造案例当诉讼依据，荒唐！ (ID: 1336)
2026-02-18 21:05:06,593 [DEBUG] db_storage: 保存文章成功: 新华网视评｜公共服务怎能给商业广告“让路” (ID: 1337)
2026-02-18 21:05:06,596 [DEBUG] db_storage: 保存文章成功: 新华网视评｜私域直播岂能变成“坑老”陷阱 (ID: 1338)
2026-02-18 21:05:06,598 [DEBUG] db_storage: 保存文章成功: 新华网视评︱要有“卷尺哥”，更要有“听劝局” (ID: 1339)
2026-02-18 21:05:06,600 [DEBUG] db_storage: 保存文章成功: 新华网视评｜主食浪费，触目惊心 (ID: 1340)
2026-02-18 21:05:06,620 [DEBUG] db_storage: 保存文章成功: 新华网视评｜“仪式感”不是浪费的遮羞布 (ID: 1341)
2026-02-18 21:05:06,636 [DEBUG] db_storage: 保存文章成功: 新华网视评｜别让外卖“满减”成“浪费” (ID: 1342)
2026-02-18 21:05:06,639 [DEBUG] db_storage: 保存文章成功: 新华网视评｜坚决刹住“AI换装”亵渎军警形象这股歪风 (ID: 1343)
2026-02-18 21:05:06,652 [DEBUG] db_storage: 保存文章成功: 新华网视评｜必须撕开“伪正能量”的遮羞布 (ID: 1344)
2026-02-18 21:05:06,654 [DEBUG] db_storage: 保存文章成功: 新华网视评｜破解假日充电难需要新思维 (ID: 1345)
2026-02-18 21:05:06,669 [DEBUG] db_storage: 保存文章成功: 新华网视评｜靠“智驾神器”，无异于“智障行为” (ID: 1346)
2026-02-18 21:05:06,684 [DEBUG] db_storage: 保存文章成功: 新华网视评｜节假日不能是“宰客日” (ID: 1347)
2026-02-18 21:05:06,699 [DEBUG] db_storage: 保存文章成功: 新华网视评｜“柴怼怼”们栽得不冤！ (ID: 1348)
2026-02-18 21:05:06,715 [DEBUG] db_storage: 保存文章成功: 新华网视评｜警服不是流量道具 (ID: 1349)
2026-02-18 21:05:06,717 [DEBUG] db_storage: 保存文章成功: 新华网视评｜AI岂能成为形式主义的“帮手” (ID: 1350)
2026-02-18 21:05:06,730 [DEBUG] db_storage: 保存文章成功: 新华网视评｜别给骗子进入家长群大开方便之门 (ID: 1351)
2026-02-18 21:05:06,734 [DEBUG] db_storage: 保存文章成功: 新华网视评｜任性冒险浪费公共资源，该罚！ (ID: 1352)
2026-02-18 21:05:06,747 [DEBUG] db_storage: 保存文章成功: 新华网视评｜防范“育儿补贴”骗局，需要工作透明度 (ID: 1353)
2026-02-18 21:05:06,762 [DEBUG] db_storage: 保存文章成功: 新华网视评｜认证竟靠“3C贴纸”，在糊弄谁？ (ID: 1354)
2026-02-18 21:05:06,778 [DEBUG] db_storage: 保存文章成功: 新华网视评｜坚决打击汛情谣言 (ID: 1355)
2026-02-18 21:05:06,780 [DEBUG] db_storage: 保存文章成功: 新华网视评｜“警情通报”也敢伪造？必须严惩 (ID: 1356)
2026-02-18 21:05:06,793 [DEBUG] db_storage: 保存文章成功: 新华网视评｜期待外卖市场构建良性竞争格局 (ID: 1357)
2026-02-18 21:05:06,808 [DEBUG] db_storage: 保存文章成功: 新华网视评｜收费“向上取整”涉嫌变相加价 (ID: 1358)
2026-02-18 21:05:06,825 [DEBUG] db_storage: 保存文章成功: 新华网视评｜青春之美无需太多“修整” (ID: 1359)
2026-02-18 21:05:06,840 [DEBUG] db_storage: 保存文章成功: 新华网视评｜恶意炮制“人猴大战”，用心险恶 (ID: 1360)
2026-02-18 21:05:06,856 [DEBUG] db_storage: 保存文章成功: 新华网视评｜官方通报贵在及时 (ID: 1361)
2026-02-18 21:05:06,872 [DEBUG] db_storage: 保存文章成功: 新华网视评｜坚决打击网络谣言 (ID: 1362)
2026-02-18 21:05:06,889 [DEBUG] db_storage: 保存文章成功: 新华网视评｜警惕“吃谷”低龄化 (ID: 1363)
2026-02-18 21:05:06,905 [DEBUG] db_storage: 保存文章成功: 新华网视评｜谁给伪专家开了“绿灯”？ (ID: 1364)
2026-02-18 21:05:06,919 [DEBUG] db_storage: 保存文章成功: 新华网视评｜大学校园向公众开放咋就这么难？ (ID: 1365)
2026-02-18 21:05:06,936 [DEBUG] db_storage: 保存文章成功: 新华网视评｜严肃的抗战历史岂容恶搞 (ID: 1366)
2026-02-18 21:05:06,951 [DEBUG] db_storage: 保存文章成功: 新华网视评｜制止无底线吃播，平台责无旁贷 (ID: 1367)
2026-02-18 21:05:06,967 [DEBUG] db_storage: 保存文章成功: 新华网视评｜检测报告岂能沦为三无产品的“遮羞布” (ID: 1368)
2026-02-18 21:05:06,983 [DEBUG] db_storage: 保存文章成功: 新华网视评｜我们需要怎样的创新，新华网连发三评 (ID: 1369)
2026-02-18 21:05:06,986 [DEBUG] db_storage: 保存文章成功: 新华网视评｜“谁红蹭谁”的闹剧该终结了！ (ID: 1370)
2026-02-18 21:05:07,014 [DEBUG] db_storage: 保存文章成功: 新华网视评｜期待奇迹，也要校准预期 (ID: 1371)
2026-02-18 21:05:07,029 [DEBUG] db_storage: 保存文章成功: 新华网视评｜赞美成功，还需宽容失败 (ID: 1372)
2026-02-18 21:05:07,044 [DEBUG] db_storage: 保存文章成功: 新华网视评｜等待观望，不如放手快干 (ID: 1373)
2026-02-18 21:05:07,046 [DEBUG] db_storage: 保存文章成功: 新华网视评｜杜绝“毒玩具”，这事得抓紧 (ID: 1374)
2026-02-18 21:05:07,060 [DEBUG] db_storage: 保存文章成功: 新华网视评｜莫拿商标文字游戏套路消费者 (ID: 1375)
2026-02-18 21:05:07,076 [DEBUG] db_storage: 保存文章成功: 新华网视评｜攫取用户隐私终将玩火自焚 (ID: 1376)
2026-02-18 21:05:07,092 [DEBUG] db_storage: 保存文章成功: 新华网视评｜任何创新设计，不能偏离安全底线 (ID: 1377)
2026-02-18 21:05:07,107 [DEBUG] db_storage: 保存文章成功: 新华网视评｜带“病”的健康证怎能守护健康 (ID: 1378)
2026-02-18 21:05:07,110 [DEBUG] db_storage: 保存文章成功: 新华网视评｜如此明目张胆“吃拿卡要”，谁给的胆子？ (ID: 1379)
2026-02-18 21:05:07,138 [DEBUG] db_storage: 保存文章成功: 新华网视评｜叫停75万买299元路由器，还欠公众一个说法 (ID: 1380)
2026-02-18 21:05:07,153 [DEBUG] db_storage: 保存文章成功: 新华网视评｜新职业新工种，开启无限可能！ (ID: 1381)
2026-02-18 21:05:07,156 [DEBUG] db_storage: 保存文章成功: 新华网视评｜无人机任性“黑飞” 为何管不住？ (ID: 1382)
2026-02-18 21:05:07,170 [DEBUG] db_storage: 保存文章成功: 新华网视评｜决不给“面子工程”留面子 (ID: 1383)
2026-02-18 21:05:07,185 [DEBUG] db_storage: 保存文章成功: 新华网视评｜既要“看家神器”，更要邻里和谐 (ID: 1384)
2026-02-18 21:05:07,201 [DEBUG] db_storage: 保存文章成功: 新华网视评｜堵住公共摄像头“数据祼奔”的漏洞 (ID: 1385)
2026-02-18 21:05:07,217 [DEBUG] db_storage: 保存文章成功: 新华网视评｜为监控摄像头安装划定“红线” (ID: 1386)
2026-02-18 21:05:07,231 [DEBUG] db_storage: 保存文章成功: 新华网视评｜权力岂能如此任性 (ID: 1387)
2026-02-18 21:05:07,247 [DEBUG] db_storage: 保存文章成功: 新华网视评丨整治基层形式主义，新华网连发三评 (ID: 1388)
2026-02-18 21:05:07,261 [DEBUG] db_storage: 保存文章成功: 新华网视评｜坚持“零容忍”，让卫生巾真正“卫生”起来 (ID: 1389)
2026-02-18 21:05:07,276 [DEBUG] db_storage: 保存文章成功: 新华网视评｜让“零添加”凉凉只是一个开始 (ID: 1390)
2026-02-18 21:05:07,292 [DEBUG] db_storage: 保存文章成功: 新华网视评｜别让基层成为“无关摊派”的“背锅侠” (ID: 1391)
2026-02-18 21:05:07,307 [DEBUG] db_storage: 保存文章成功: 新华网视评｜从源头上减少滥发牌子行为 (ID: 1392)
2026-02-18 21:05:07,310 [DEBUG] db_storage: 保存文章成功: 新华网视评｜调研何必“层层陪同” (ID: 1393)
2026-02-18 21:05:07,327 [DEBUG] db_storage: 保存文章成功: 新华网视评｜当“开盒”“反开盒”成常态，还有谁能一笑而过？ (ID: 1394)
2026-02-18 21:05:07,353 [DEBUG] db_storage: 保存文章成功: 新华网视评｜民宿何以成为“幽灵”？ (ID: 1395)
2026-02-18 21:05:07,370 [DEBUG] db_storage: 保存文章成功: 新华网视评｜岂能让“滤镜”产品拉低游客体验 (ID: 1396)
2026-02-18 21:05:07,386 [DEBUG] db_storage: 保存文章成功: 新华网视评｜刹一刹加价选座这个“行业惯例” (ID: 1397)
2026-02-18 21:05:07,402 [DEBUG] db_storage: 保存文章成功: 新华网视评｜“内卷式”竞争，“卷”不出未来！ (ID: 1398)
2026-02-18 21:05:07,431 [DEBUG] db_storage: 保存文章成功: 新华网视评｜“AI换脸”不能想换谁就换谁 (ID: 1399)
2026-02-18 21:05:07,448 [DEBUG] db_storage: 保存文章成功: 新华网视评｜两会in话题：AI跑得这么快，人才咋跟上？ (ID: 1400)
2026-02-18 21:05:07,463 [DEBUG] db_storage: 保存文章成功: 新华网视评｜给网课“套娃式”收费“解套” (ID: 1401)
2026-02-18 21:05:07,480 [DEBUG] db_storage: 保存文章成功: 新华网视评｜“考试包过”涉嫌违法 (ID: 1402)
2026-02-18 21:05:07,495 [DEBUG] db_storage: 保存文章成功: 新华网视评｜警惕以新技术贩卖焦虑 (ID: 1403)
2026-02-18 21:05:07,514 [DEBUG] db_storage: 保存文章成功: 新华网视评｜绝不容许“神医”“神药”借“山寨报刊”下乡害人 (ID: 1404)
2026-02-18 21:05:07,543 [DEBUG] db_storage: 保存文章成功: 新华网视评｜中国动画电影何以踩上“风火轮”？ (ID: 1405)
2026-02-18 21:05:07,558 [DEBUG] db_storage: 保存文章成功: 新华网视评｜痛别“国之脊梁”，他值得永远铭记 (ID: 1406)
2026-02-18 21:05:07,574 [DEBUG] db_storage: 保存文章成功: 新华网视评｜新春消费“燃”力十足！ (ID: 1407)
2026-02-18 21:05:07,591 [DEBUG] db_storage: 保存文章成功: 新华网视评｜“村咖”热销，热的是向往的生活 (ID: 1408)
2026-02-18 21:05:07,605 [DEBUG] db_storage: 保存文章成功: 新华网视评｜“村跑”火热，跑出特色、跑进人心 (ID: 1409)
2026-02-18 21:05:07,607 [DEBUG] db_storage: 保存文章成功: 新华网视评｜“村晚”圈粉，又土又快乐 (ID: 1410)
2026-02-18 21:05:07,621 [DEBUG] db_storage: 保存文章成功: 新华网视评｜“新春战袍”秀出文化自信 (ID: 1411)
2026-02-18 21:05:07,636 [DEBUG] db_storage: 保存文章成功: 新华网视评｜对跨境电诈就是要追着打 (ID: 1412)
2026-02-18 21:05:07,652 [DEBUG] db_storage: 保存文章成功: 新华网视评丨给年货加点“中国新特产” (ID: 1413)
2026-02-18 21:05:07,668 [DEBUG] db_storage: 保存文章成功: 新华网视评｜这种写真就是让个人信息“裸奔” (ID: 1414)
2026-02-18 21:05:07,682 [DEBUG] db_storage: 保存文章成功: 新华网视评｜让压岁钱回归年俗祝福本真 (ID: 1415)
2026-02-18 21:05:07,698 [DEBUG] db_storage: 保存文章成功: 新华网视评丨岂能让“黄牛”截胡消费券 (ID: 1416)
2026-02-18 21:05:07,701 [DEBUG] db_storage: 保存文章成功: 新华网视评｜“智慧停车”不能有了便利忘了安全 (ID: 1417)
2026-02-18 21:05:07,713 [DEBUG] db_storage: 保存文章成功: 新华网视评｜春运“上分” 新的一年排面拉满！ (ID: 1418)
2026-02-18 21:05:07,729 [DEBUG] db_storage: 保存文章成功: 新华网视评丨电子处方不能有了方便忘了安全 (ID: 1419)
2026-02-18 21:05:07,745 [DEBUG] db_storage: 保存文章成功: 新华网视评｜陌生快递，当心有诈！ (ID: 1420)
2026-02-18 21:05:07,762 [DEBUG] db_storage: 保存文章成功: 新华网视评｜2024年度热点话题揭晓 (ID: 1421)
2026-02-18 21:05:07,775 [DEBUG] db_storage: 保存文章成功: 新华网视评丨莫让“吃谷”变味 (ID: 1422)
2026-02-18 21:05:07,778 [DEBUG] db_storage: 保存文章成功: 新华网视评丨“被直播”要勇于维权 (ID: 1423)
2026-02-18 21:05:07,792 [DEBUG] db_storage: 保存文章成功: 新华网视评丨“第三方测评”也该“测评”一下 (ID: 1424)
2026-02-18 21:05:07,808 [DEBUG] db_storage: 保存文章成功: 新华网视评丨AI客服不能只会“打太极” (ID: 1425)
2026-02-18 21:05:07,824 [DEBUG] db_storage: 保存文章成功: 新华网视评丨AI技术不应用来造谣生事 (ID: 1426)
2026-02-18 21:05:07,838 [DEBUG] db_storage: 保存文章成功: 新华网视评丨不能让“假羽绒”寒身更寒心 (ID: 1427)
2026-02-18 21:05:07,855 [DEBUG] db_storage: 保存文章成功: 新华网视评丨“先用后付”不能让人莫名其妙 (ID: 1428)
2026-02-18 21:05:07,870 [DEBUG] db_storage: 保存文章成功: 新华网视评丨女理发师爆火戳中了消费痛点 (ID: 1429)
2026-02-18 21:05:07,883 [DEBUG] db_storage: 保存文章成功: 新华网视评丨纠正幼儿园“抢跑”的重要一步 (ID: 1430)
2026-02-18 21:05:07,899 [DEBUG] db_storage: 保存文章成功: 新华网视评丨坚决打击消防器材造假 (ID: 1431)
2026-02-18 21:05:07,915 [DEBUG] db_storage: 保存文章成功: 新华网视评丨治一治那些恼人的弹窗链接 (ID: 1432)
2026-02-18 21:05:07,931 [DEBUG] db_storage: 保存文章成功: 新华网视评丨新华网三连评，警惕“网购套路” (ID: 1433)
2026-02-18 21:05:07,946 [DEBUG] db_storage: 保存文章成功: 新华网视评丨不可轻信“买家秀” (ID: 1434)
2026-02-18 21:05:07,962 [DEBUG] db_storage: 保存文章成功: 新华网视评丨不能被动被大数据“算计” (ID: 1435)
2026-02-18 21:05:07,979 [DEBUG] db_storage: 保存文章成功: 新华网视评丨不被所谓“低价”误导 (ID: 1436)
2026-02-18 21:05:07,994 [DEBUG] db_storage: 保存文章成功: 新华网视评｜充电桩成“价格刺客”，该管管了！ (ID: 1437)
2026-02-18 21:05:08,010 [DEBUG] db_storage: 保存文章成功: 新华网视评｜“高空抛物判死刑”是一次震慑 (ID: 1438)
2026-02-18 21:05:08,025 [DEBUG] db_storage: 保存文章成功: 新华网视评｜新华网三连评，持续关注网络坑老骗老现象 (ID: 1439)
2026-02-18 21:05:08,040 [DEBUG] db_storage: 保存文章成功: 新华网视评丨为这支“国家队”点赞 (ID: 1440)
2026-02-18 21:05:08,057 [DEBUG] db_storage: 保存文章成功: 新华网视评丨管一管专坑老人的“养生骗局” (ID: 1441)
2026-02-18 21:05:08,073 [DEBUG] db_storage: 保存文章成功: 新华网视评丨老年人沉迷霸总短剧，不容忽视 (ID: 1442)
2026-02-18 21:05:08,088 [DEBUG] db_storage: 保存文章成功: 新华网视评丨网络直播间岂能成“坑老间” (ID: 1443)
2026-02-18 21:05:08,104 [DEBUG] db_storage: 保存文章成功: 新华网视评丨乐见年轻人“整顿”婚礼 (ID: 1444)
2026-02-18 21:05:08,118 [DEBUG] db_storage: 保存文章成功: 新华网视评丨出游不能太任性 (ID: 1445)
2026-02-18 21:05:08,135 [DEBUG] db_storage: 保存文章成功: 新华网视评丨英雄，照亮民族前行路 (ID: 1446)
2026-02-18 21:05:08,152 [DEBUG] db_storage: 保存文章成功: 新华网视评丨斩断偷拍黑产，须用重拳 (ID: 1447)
2026-02-18 21:05:08,168 [DEBUG] db_storage: 保存文章成功: 新华网视评丨景区玩“套路”，赚了快钱失了人心 (ID: 1448)
2026-02-18 21:05:08,185 [DEBUG] db_storage: 保存文章成功: 新华网视评丨自动续费咋能这么“坑” (ID: 1449)
2026-02-18 21:05:08,199 [DEBUG] db_storage: 保存文章成功: 新华网视评｜让AI成“帮手”而不是“帮凶” (ID: 1450)
2026-02-18 21:05:08,214 [DEBUG] db_storage: 保存文章成功: 新华网视评丨要比“无上限服务”，而不是“无下限流量” (ID: 1451)
2026-02-18 21:05:08,229 [DEBUG] db_storage: 保存文章成功: 新华网视评｜新华网三连评，为教师减负松绑 (ID: 1452)
2026-02-18 21:05:08,244 [DEBUG] db_storage: 保存文章成功: 新华网视评丨教师不应承担与教育教学无关事项 (ID: 1453)
2026-02-18 21:05:08,262 [DEBUG] db_storage: 保存文章成功: 新华网视评丨最好的礼物是让“尊师重教”成为常态 (ID: 1454)
2026-02-18 21:05:08,276 [DEBUG] db_storage: 保存文章成功: 新华网视评丨教师的“戒尺”不该如此烫手 (ID: 1455)
2026-02-18 21:05:08,293 [DEBUG] db_storage: 保存文章成功: 新华网视评丨整治“人肉开盒”，不妨换个思路 (ID: 1456)
2026-02-18 21:05:08,308 [DEBUG] db_storage: 保存文章成功: 新华网视评｜别被“断骨增高”忽悠瘸了 (ID: 1457)
2026-02-18 21:05:08,312 [DEBUG] db_storage: 保存文章成功: 新华网视评｜公共道路岂容“暴骑团”横冲直撞 (ID: 1458)
2026-02-18 21:05:08,340 [DEBUG] db_storage: 保存文章成功: 新华网视评｜让未成年人远离“盲盒诱惑” (ID: 1459)
2026-02-18 21:05:08,342 [DEBUG] db_storage: 保存文章成功: 新华网视评｜对英雄最朴素的致敬 (ID: 1460)
2026-02-18 21:05:08,344 [DEBUG] db_storage: 保存文章成功: 新华网视评｜新华网三连评，直指医美乱象 (ID: 1461)
2026-02-18 21:05:08,372 [DEBUG] db_storage: 保存文章成功: 新华网视评｜用“容貌焦虑”诱导青少年，必须制止 (ID: 1462)
2026-02-18 21:05:08,387 [DEBUG] db_storage: 保存文章成功: 新华网视评｜小心“轻医美”成为风险“重灾区” (ID: 1463)
2026-02-18 21:05:08,402 [DEBUG] db_storage: 保存文章成功: 新华网视评｜“黑医美”下沉县乡的苗头不容忽视 (ID: 1464)
2026-02-18 21:05:08,405 [DEBUG] db_storage: 保存文章成功: 新华网视评｜恶性“内卷”产生不了世界一流企业 (ID: 1465)
2026-02-18 21:05:08,408 [DEBUG] db_storage: 保存文章成功: 新华网视评｜派出所大院开放给群众晒粮，点赞 (ID: 1466)
2026-02-18 21:05:08,433 [DEBUG] db_storage: 保存文章成功: 新华网视评｜这一刻，“更团结” (ID: 1467)
2026-02-18 21:05:08,448 [DEBUG] db_storage: 保存文章成功: 新华网视评｜这样“带货”，可能会“带祸” (ID: 1468)
2026-02-18 21:05:08,464 [DEBUG] db_storage: 保存文章成功: 新华网视评｜“水灵灵”的00后，扛事儿！ (ID: 1469)
2026-02-18 21:05:08,479 [DEBUG] db_storage: 保存文章成功: 新华网视评｜新华网三连评，直指农村人居环境整治乱象 (ID: 1470)
2026-02-18 21:05:08,481 [DEBUG] db_storage: 保存文章成功: 新华网视评｜点赞！巴黎奥运赛场上的中国突破 (ID: 1471)
2026-02-18 21:05:08,495 [DEBUG] db_storage: 保存文章成功: 新华网视评｜这样的“纳凉点”，很有人情味 (ID: 1472)
2026-02-18 21:05:08,511 [DEBUG] db_storage: 保存文章成功: 新华网视评｜唯拼搏最可敬 (ID: 1473)
2026-02-18 21:05:08,513 [DEBUG] db_storage: 保存文章成功: 新华网视评｜农村人居环境整治不能无视农民意愿 (ID: 1474)
2026-02-18 21:05:08,526 [DEBUG] db_storage: 保存文章成功: 新华网视评｜农村人居环境整治不可只要“面子”不顾“里子” (ID: 1475)
2026-02-18 21:05:08,541 [DEBUG] db_storage: 保存文章成功: 新华网视评｜农村人居环境整治岂能“千村一面” (ID: 1476)
2026-02-18 21:05:08,559 [DEBUG] db_storage: 保存文章成功: 新华网视评｜校园体育设施暑期“不放假”，点赞！ (ID: 1477)
2026-02-18 21:05:08,573 [DEBUG] db_storage: 保存文章成功: 新华网视评｜大数据“杀熟”，“杀”掉的是信任 (ID: 1478)
2026-02-18 21:05:08,588 [DEBUG] db_storage: 保存文章成功: 新华网视评｜图书馆借还书也能“快递”了，点赞! (ID: 1479)
2026-02-18 21:05:08,605 [DEBUG] db_storage: 保存文章成功: 新华网视评｜对这样的“欺诈游”必须重拳出击！ (ID: 1480)
2026-02-18 21:05:08,620 [DEBUG] db_storage: 保存文章成功: 新华网视评｜为这一城市管理微创新点赞！ (ID: 1481)
2026-02-18 21:05:08,622 [DEBUG] db_storage: 保存文章成功: 新华网视评｜莫让升学宴变成“绑架宴” (ID: 1482)
2026-02-18 21:05:08,637 [DEBUG] db_storage: 保存文章成功: 新华网视评｜为博物馆“延时开放”点赞 (ID: 1483)
2026-02-18 21:05:08,653 [DEBUG] db_storage: 保存文章成功: 新华网视评｜景区摆渡车宰客，该好好治治了 (ID: 1484)
2026-02-18 21:05:08,668 [DEBUG] db_storage: 保存文章成功: 新华网视评｜拒绝暑假“弯道超车”焦虑 (ID: 1485)
2026-02-18 21:05:08,684 [DEBUG] db_storage: 保存文章成功: 新华网视评｜研学游别只剩一个“游”字 (ID: 1486)
2026-02-18 21:05:08,699 [DEBUG] db_storage: 保存文章成功: 新华网视评｜转变话风就是转变作风 (ID: 1487)
2026-02-18 21:05:08,701 [DEBUG] db_storage: 保存文章成功: 新华网视评｜自导自演的假闹剧该“收场”了 (ID: 1488)
2026-02-18 21:05:08,714 [DEBUG] db_storage: 保存文章成功: 新华网视评｜对网络“黑嘴”必须重拳出击 (ID: 1489)
2026-02-18 21:05:08,717 [DEBUG] db_storage: 保存文章成功: 新华网视评｜靠炫富博流量注定是一条死胡同 (ID: 1490)
2026-02-18 21:05:08,720 [DEBUG] db_storage: 保存文章成功: 新华网视评｜以这样的方式谋出圈，只能出丑 (ID: 1491)
2026-02-18 21:05:08,746 [DEBUG] db_storage: 保存文章成功: 新华网视评｜连一只鸡都容不下？作风之“病”得治！ (ID: 1492)
2026-02-18 21:05:08,749 [DEBUG] db_storage: 保存文章成功: 新华网视评｜警惕高考志愿填报“骗局” (ID: 1493)
2026-02-18 21:05:08,761 [DEBUG] db_storage: 保存文章成功: 新华网视评｜真人版“盗墓笔记”？别玩脱了 (ID: 1494)
2026-02-18 21:05:08,764 [DEBUG] db_storage: 保存文章成功: 新华网视评｜别拿天热不当回事儿 (ID: 1495)
2026-02-18 21:05:08,777 [DEBUG] db_storage: 保存文章成功: 新华网视评｜不合时宜的景区实名预约应退尽退 (ID: 1496)
2026-02-18 21:05:08,792 [DEBUG] db_storage: 保存文章成功: 新华网视评｜假公益真圈钱 “支教生意”必须严查 (ID: 1497)
2026-02-18 21:05:08,809 [DEBUG] db_storage: 保存文章成功: 新华网视评｜对“环保老赖”要一督到底 (ID: 1498)
2026-02-18 21:05:08,823 [DEBUG] db_storage: 保存文章成功: 新华网视评｜孩子个子长了，课桌椅高度怎么还不变？ (ID: 1499)
2026-02-18 21:05:08,823 [INFO] db_storage: 批量保存完成: 成功=194, 跳过=0, 失败=0
2026-02-18 21:05:08,824 [INFO] main:   ✓ 完成: 爬取=194, 保存=194, 跳过=0
2026-02-18 21:05:08,824 [INFO] main: 
[人民网评] 开始爬取...
2026-02-18 21:05:08,824 [INFO] spiders: 开始爬取: 人民网评
2026-02-18 21:05:08,824 [DEBUG] spiders: 请求URL: http://opinion.people.com.cn/GB/223228/index.html (尝试 1/3)
2026-02-18 21:05:08,825 [DEBUG] urllib3.connectionpool: Starting new HTTP connection (1): opinion.people.com.cn:80
2026-02-18 21:05:08,966 [DEBUG] urllib3.connectionpool: http://opinion.people.com.cn:80 "GET /GB/223228/index.html HTTP/1.1" 200 6420
2026-02-18 21:05:08,967 [INFO] spiders: 成功获取: http://opinion.people.com.cn/GB/223228/index.html (状态码: 200)
2026-02-18 21:05:08,980 [INFO] spiders: 人民网评 解析到 55 篇文章
2026-02-18 21:05:10,998 [DEBUG] db_storage: 保存文章成功: 人民网评：新春问暖见初心，民生烟火最动人 (ID: 1500)
2026-02-18 21:05:11,002 [DEBUG] db_storage: 保存文章成功: 每一个投资创业者都是营商环境的检验员、宣传员 (ID: 1501)
2026-02-18 21:05:11,005 [DEBUG] db_storage: 保存文章成功: 人民网评：推动儿科医疗资源下沉 精准对接群众需求 (ID: 1502)
2026-02-18 21:05:11,009 [DEBUG] db_storage: 保存文章成功: 人民网评：日本需要“大智慧”，绝非“小聪明” (ID: 1503)
2026-02-18 21:05:11,029 [DEBUG] db_storage: 保存文章成功: 人民网评：推动“汗水农业”向“智慧农业”转型升级 (ID: 1504)
2026-02-18 21:05:11,044 [DEBUG] db_storage: 保存文章成功: 人民网评：守牢安全防线 让新春更祥和 (ID: 1505)
2026-02-18 21:05:11,060 [DEBUG] db_storage: 保存文章成功: 人民网评：日本内政分裂加剧，用向外转嫁掩盖无力 (ID: 1506)
2026-02-18 21:05:11,075 [DEBUG] db_storage: 保存文章成功: 人民网评：从“有屋住”到“住得好”，因地制宜建设和美乡村 (ID: 1507)
2026-02-18 21:05:11,078 [DEBUG] db_storage: 保存文章成功: 人民网评：高市妄动冒进，日本失信周边 (ID: 1508)
2026-02-18 21:05:11,091 [DEBUG] db_storage: 保存文章成功: 人民网评：精准帮扶常态化，把资源用在刀刃上 (ID: 1509)
2026-02-18 21:05:11,107 [DEBUG] db_storage: 保存文章成功: 人民网评：粮食安全没有“休止符” (ID: 1510)
2026-02-18 21:05:11,123 [DEBUG] db_storage: 保存文章成功: 人民网评：让更多残疾人“好就业、就好业” (ID: 1511)
2026-02-18 21:05:11,138 [DEBUG] db_storage: 保存文章成功: 人民网评：让“地球之肾”永葆活力 (ID: 1512)
2026-02-18 21:05:11,155 [DEBUG] db_storage: 保存文章成功: 人民网评：小视角映射大时代，走基层凝聚奋进伟力 (ID: 1513)
2026-02-18 21:05:11,157 [DEBUG] db_storage: 保存文章成功: 人民网评：司法精准发力，全链条打击毒品犯罪 (ID: 1514)
2026-02-18 21:05:11,171 [DEBUG] db_storage: 保存文章成功: 人民网评：呈现活力中国，走基层“新”字当先 (ID: 1515)
2026-02-18 21:05:11,187 [DEBUG] db_storage: 保存文章成功: 人民网评：新春走基层，听真话察真情研究真问题 (ID: 1516)
2026-02-18 21:05:11,190 [DEBUG] db_storage: 保存文章成功: 人民网评：宝可梦，为何总是明知故犯？ (ID: 1517)
2026-02-18 21:05:11,204 [DEBUG] db_storage: 保存文章成功: 人民网评：构建适配新时代医药产业发展的法治框架 (ID: 1518)
2026-02-18 21:05:11,219 [DEBUG] db_storage: 保存文章成功: 人民网评：该为的必须为、能为的努力为、不该为的决不为 (ID: 1519)
2026-02-18 21:05:11,234 [DEBUG] db_storage: 保存文章成功: 人民网评：既明白是什么，又明白为什么、怎么做 (ID: 1520)
2026-02-18 21:05:11,237 [DEBUG] db_storage: 保存文章成功: 人民网评：让农民工群体过好年稳好业 (ID: 1521)
2026-02-18 21:05:11,249 [DEBUG] db_storage: 保存文章成功: 人民网评：煤矸石铺路，水源地岂能如此“图方便”！ (ID: 1522)
2026-02-18 21:05:11,265 [DEBUG] db_storage: 保存文章成功: 人民网评：要以全局视野领会全会精神 (ID: 1523)
2026-02-18 21:05:11,281 [DEBUG] db_storage: 保存文章成功: 人民网评：送岗更送暖，托举困难群体就业 (ID: 1524)
2026-02-18 21:05:11,284 [DEBUG] db_storage: 保存文章成功: 人民网评：廊涿干渠验收的“马拉松”何时能休？ (ID: 1525)
2026-02-18 21:05:11,297 [DEBUG] db_storage: 保存文章成功: 人民网评：从"量"入"质"，知识产权赋能创新发展 (ID: 1526)
2026-02-18 21:05:11,313 [DEBUG] db_storage: 保存文章成功: 人民网评：稳就业强保障，以民生温度筑发展根基 (ID: 1527)
2026-02-18 21:05:11,329 [DEBUG] db_storage: 保存文章成功: 人民网评：安全生产是企业运营的“基本盘” (ID: 1528)
2026-02-18 21:05:11,331 [DEBUG] db_storage: 保存文章成功: 人民网评：全力答好春运考卷 (ID: 1529)
2026-02-18 21:05:11,333 [DEBUG] db_storage: 保存文章成功: 人民网评：中国“含绿量”持续转化为“含金量” (ID: 1530)
2026-02-18 21:05:11,335 [DEBUG] db_storage: 保存文章成功: 人民网评：以更高标准、更实举措推进全面从严治党 (ID: 1531)
2026-02-18 21:05:11,358 [DEBUG] db_storage: 保存文章成功: 人民网评：以反垄断为切入口，助平台回归服务本质 (ID: 1532)
2026-02-18 21:05:11,361 [DEBUG] db_storage: 保存文章成功: 人民网评：农业根基更稳、底色更绿 (ID: 1533)
2026-02-18 21:05:11,374 [DEBUG] db_storage: 保存文章成功: 人民网评：好药新药加速惠及百姓 健康中国根基更牢 (ID: 1534)
2026-02-18 21:05:11,389 [DEBUG] db_storage: 保存文章成功: 人民网评：拧紧生产“安全阀” (ID: 1535)
2026-02-18 21:05:11,391 [DEBUG] db_storage: 保存文章成功: 人民网评：十年大江焕颜，谱写生态与发展共赢新篇章 (ID: 1536)
2026-02-18 21:05:11,405 [DEBUG] db_storage: 保存文章成功: 人民网评：以“全链条责任”织密冬春季防灾减灾安全网 (ID: 1537)
2026-02-18 21:05:11,421 [DEBUG] db_storage: 保存文章成功: 人民网评：热气腾腾的生活，蒸蒸日上的中国 (ID: 1538)
2026-02-18 21:05:11,437 [DEBUG] db_storage: 保存文章成功: 人民网评：中国乡村的未来，希望无限！ (ID: 1539)
2026-02-18 21:05:11,453 [DEBUG] db_storage: 保存文章成功: 人民网评：让学前学籍切实守护好孩子们的成长 (ID: 1540)
2026-02-18 21:05:11,468 [DEBUG] db_storage: 保存文章成功: 人民网评：坚定信心、用好优势、应对挑战 (ID: 1541)
2026-02-18 21:05:11,484 [DEBUG] db_storage: 保存文章成功: 人民网评：总有一种力量让我们向前一步、再一步 (ID: 1542)
2026-02-18 21:05:11,486 [DEBUG] db_storage: 保存文章成功: 人民网评：让每个人在AI时代都能找到自我定位 (ID: 1543)
2026-02-18 21:05:11,499 [DEBUG] db_storage: 保存文章成功: 人民网评：与“Z世代“一起重塑经济未来 (ID: 1544)
2026-02-18 21:05:11,501 [DEBUG] db_storage: 保存文章成功: 人民网评：保护南极，立在当下、利在长远 (ID: 1545)
2026-02-18 21:05:11,515 [DEBUG] db_storage: 保存文章成功: 人民网评：从“惩戒”到“修复”，信用治理更精准 (ID: 1546)
2026-02-18 21:05:11,517 [DEBUG] db_storage: 保存文章成功: 人民网评：持续加码医保投入 夯实健康中国 (ID: 1547)
2026-02-18 21:05:11,519 [DEBUG] db_storage: 保存文章成功: 人民网评：以法治之力涵养书香中国 (ID: 1548)
2026-02-18 21:05:11,521 [DEBUG] db_storage: 保存文章成功: 人民网评：不能忘、不敢忘、不会忘！ (ID: 1549)
2026-02-18 21:05:11,523 [DEBUG] db_storage: 保存文章成功: 青春华章｜人民网评：让蓝色大海成为金色聚宝盆 (ID: 1550)
2026-02-18 21:05:11,547 [DEBUG] db_storage: 保存文章成功: 青春华章｜人民网评：练就向海图强的“超能力” (ID: 1551)
2026-02-18 21:05:11,549 [DEBUG] db_storage: 保存文章成功: 中国经济“向新力”｜创新药迎来“量质双升” (ID: 1552)
2026-02-18 21:05:11,562 [DEBUG] db_storage: 保存文章成功: 人民网评：以司法力量护航民营经济行稳致远 (ID: 1553)
2026-02-18 21:05:11,564 [DEBUG] db_storage: 保存文章成功: 青春华章｜人民网评：勇立潮头担使命，谋海济国写青春 (ID: 1554)
2026-02-18 21:05:11,565 [INFO] db_storage: 批量保存完成: 成功=55, 跳过=0, 失败=0
2026-02-18 21:05:11,565 [INFO] main:   ✓ 完成: 爬取=55, 保存=55, 跳过=0
2026-02-18 21:05:11,565 [INFO] main: ------------------------------------------------------------
2026-02-18 21:05:11,565 [INFO] main: 
============================================================
2026-02-18 21:05:11,565 [INFO] main: 数据库统计
2026-02-18 21:05:11,565 [INFO] main: ============================================================
2026-02-18 21:05:11,578 [INFO] main: 文章总数: 249
2026-02-18 21:05:11,580 [INFO] main: 
按来源统计:
2026-02-18 21:05:11,580 [INFO] main:   新华网: 194 篇
2026-02-18 21:05:11,580 [INFO] main:   人民网: 55 篇
2026-02-18 21:05:11,594 [INFO] main: 
最新文章:
2026-02-18 21:05:11,594 [INFO] main:   - 青春华章｜人民网评：勇立潮头担使命，谋海济国写青春... (2025-12-09)
2026-02-18 21:05:11,595 [INFO] main:   - 人民网评：以司法力量护航民营经济行稳致远... (2025-12-09)
2026-02-18 21:05:11,595 [INFO] main:   - 中国经济“向新力”｜创新药迎来“量质双升”... (2025-12-10)
2026-02-18 21:05:11,595 [INFO] main:   - 青春华章｜人民网评：练就向海图强的“超能力”... (2025-12-10)
2026-02-18 21:05:11,595 [INFO] main:   - 青春华章｜人民网评：让蓝色大海成为金色聚宝盆... (2025-12-11)
2026-02-18 21:05:11,595 [INFO] __main__: 
================================================================================
2026-02-18 21:05:11,595 [INFO] __main__: 定时爬取任务完成
2026-02-18 21:05:11,595 [INFO] __main__: ================================================================================
2026-02-18 21:05:11,595 [INFO] __main__: 开始时间: 2026-02-18 21:04:57
2026-02-18 21:05:11,595 [INFO] __main__: 结束时间: 2026-02-18 21:05:11
2026-02-18 21:05:11,595 [INFO] __main__: 耗时: 14.52 秒
2026-02-18 21:05:11,595 [INFO] __main__: 总爬取: 249 篇
2026-02-18 21:05:11,596 [INFO] __main__: 成功保存: 249 篇
2026-02-18 21:05:11,596 [INFO] __main__: 跳过重复: 0 篇
2026-02-18 21:05:11,596 [INFO] __main__: 
各数据源:
2026-02-18 21:05:11,596 [INFO] __main__:   新华网-视评: 爬取=194, 保存=194
2026-02-18 21:05:11,596 [INFO] __main__:   人民网评: 爬取=55, 保存=55
2026-02-18 21:05:11,596 [INFO] __main__: ================================================================================
2026-02-18 21:05:11,596 [INFO] __main__: 任务状态重置为空闲

